<html>
<body>
<pre>
<h1>µVision Build Log</h1>
<h2>Tool Versions:</h2>
IDE-Version: ¦ÌVision V5.26.2.0
Copyright (C) 2018 ARM Ltd and ARM Germany GmbH. All rights reserved.
License Information: wzr wzr, 123456789, LIC=V85Z9-4SXU1-8VP1H-WVMFZ-Y9SMD-ZLGKK
 
Tool Versions:
Toolchain:       MDK-ARM Professional  Version: 5.26.2.0
Toolchain Path:  C:\Keil_v5\ARM\ARMCC\Bin
C Compiler:      Armcc.exe V5.06 update 6 (build 750)
Assembler:       Armasm.exe V5.06 update 6 (build 750)
Linker/Locator:  ArmLink.exe V5.06 update 6 (build 750)
Library Manager: ArmAr.exe V5.06 update 6 (build 750)
Hex Converter:   FromElf.exe V5.06 update 6 (build 750)
CPU DLL:         SARMCM3.DLL V5.26.2.0
Dialog DLL:      DARMCM1.DLL V1.19.1.0
Target DLL:      Segger\JL2CM3.dll V2.99.31.0
Dialog DLL:      TARMCM1.DLL V1.14.0.0
 
<h2>Project:</h2>
D:\github_project\htctracker_custom\code\MDK-ARM\code.uvprojx
Project File Date:  10/10/2019

<h2>Output:</h2>
*** Using Compiler 'V5.06 update 6 (build 750)', folder: 'C:\Keil_v5\ARM\ARMCC\Bin'
Build target 'code'
compiling main.c...
../Src/main.c(105): warning:  #188-D: enumerated type mixed with another type
  	HAL_GPIO_WritePin(POW_CONTROL_GPIO_Port,POW_CONTROL_Pin,1);
../Src/main.c(106): warning:  #188-D: enumerated type mixed with another type
  	HAL_GPIO_WritePin(POW_TRACKER_GPIO_Port,POW_TRACKER_Pin,1);
../Src/main.c(107): warning:  #188-D: enumerated type mixed with another type
  	HAL_GPIO_WritePin(CLK_GPIO_Port,CLK_Pin,0);
../Src/main.c(108): warning:  #188-D: enumerated type mixed with another type
  	HAL_GPIO_WritePin(PAK_GPIO_Port,PAK_Pin,0);
../Src/main.c(109): warning:  #188-D: enumerated type mixed with another type
  	HAL_GPIO_WritePin(DATA0_GPIO_Port,DATA0_Pin,0);
../Src/main.c(110): warning:  #188-D: enumerated type mixed with another type
  	HAL_GPIO_WritePin(DATA1_GPIO_Port,DATA1_Pin,0);
../Src/main.c(131): warning:  #188-D: enumerated type mixed with another type
  			HAL_GPIO_WritePin(POW_TRACKER_GPIO_Port,POW_TRACKER_Pin,0);
../Src/main.c(136): warning:  #188-D: enumerated type mixed with another type
  			HAL_GPIO_WritePin(POW_TRACKER_GPIO_Port,POW_TRACKER_Pin,1);
../Src/main.c(144): warning:  #188-D: enumerated type mixed with another type
  		HAL_GPIO_WritePin(PAK_GPIO_Port,PAK_Pin,1);
../Src/main.c(145): warning:  #188-D: enumerated type mixed with another type
  		HAL_GPIO_WritePin(CLK_GPIO_Port,CLK_Pin,0);
../Src/main.c(149): warning:  #188-D: enumerated type mixed with another type
  		HAL_GPIO_WritePin(PAK_GPIO_Port,PAK_Pin,0);
../Src/main.c(150): warning:  #188-D: enumerated type mixed with another type
  		HAL_GPIO_WritePin(CLK_GPIO_Port,CLK_Pin,1);
../Src/main.c(152): warning:  #188-D: enumerated type mixed with another type
  		HAL_GPIO_WritePin(CLK_GPIO_Port,CLK_Pin,0);
../Src/main.c(153): warning:  #188-D: enumerated type mixed with another type
  		HAL_GPIO_WritePin(DATA0_GPIO_Port,DATA0_Pin,adc_sw & 0x01);
../Src/main.c(154): warning:  #188-D: enumerated type mixed with another type
  		HAL_GPIO_WritePin(DATA1_GPIO_Port,DATA1_Pin,(adc_sw >> 1) & 0x01);
../Src/main.c(156): warning:  #188-D: enumerated type mixed with another type
  		HAL_GPIO_WritePin(CLK_GPIO_Port,CLK_Pin,1);
../Src/main.c(158): warning:  #188-D: enumerated type mixed with another type
  		HAL_GPIO_WritePin(CLK_GPIO_Port,CLK_Pin,0);
../Src/main.c(159): warning:  #188-D: enumerated type mixed with another type
  		HAL_GPIO_WritePin(DATA0_GPIO_Port,DATA0_Pin,sw_sw & 0x01);
../Src/main.c(160): warning:  #188-D: enumerated type mixed with another type
  		HAL_GPIO_WritePin(DATA1_GPIO_Port,DATA1_Pin,(sw_sw >> 1) & 0x01);
../Src/main.c(162): warning:  #188-D: enumerated type mixed with another type
  		HAL_GPIO_WritePin(CLK_GPIO_Port,CLK_Pin,1);
../Src/main.c(164): warning:  #188-D: enumerated type mixed with another type
  		HAL_GPIO_WritePin(CLK_GPIO_Port,CLK_Pin,0);
../Src/main.c(165): warning:  #188-D: enumerated type mixed with another type
  		HAL_GPIO_WritePin(DATA0_GPIO_Port,DATA0_Pin,(sw_sw >> 2) & 0x01);
../Src/main.c(166): warning:  #188-D: enumerated type mixed with another type
  		HAL_GPIO_WritePin(DATA1_GPIO_Port,DATA1_Pin,(sw_sw >> 3) & 0x01);
../Src/main.c(168): warning:  #188-D: enumerated type mixed with another type
  		HAL_GPIO_WritePin(CLK_GPIO_Port,CLK_Pin,1);
../Src/main.c(170): warning:  #188-D: enumerated type mixed with another type
  		HAL_GPIO_WritePin(CLK_GPIO_Port,CLK_Pin,0);
../Src/main.c: 25 warnings, 0 errors
linking...
Program Size: Code=7520 RO-data=244 RW-data=20 ZI-data=1228  
FromELF: creating hex file...
"code\code.axf" - 0 Error(s), 25 Warning(s).

<h2>Software Packages used:</h2>

Package Vendor: ARM
                http://www.keil.com/pack/ARM.CMSIS.5.4.0.pack
                ARM.CMSIS.5.4.0
                CMSIS (Cortex Microcontroller Software Interface Standard)
   * Component: CORE Version: 5.1.2

Package Vendor: Keil
                http://www.keil.com/pack/Keil.STM32F0xx_DFP.2.0.0.pack
                Keil.STM32F0xx_DFP.2.0.0
                STMicroelectronics STM32F0 Series Device Support, Drivers and Examples

<h2>Collection of Component include folders:</h2>
  .\RTE\_code
  C:\Keil_v5\ARM\PACK\ARM\CMSIS\5.4.0\CMSIS\Core\Include
  C:\Keil_v5\ARM\PACK\Keil\STM32F0xx_DFP\2.0.0\Drivers\CMSIS\Device\ST\STM32F0xx\Include

<h2>Collection of Component Files used:</h2>

   * Component: ARM::CMSIS:CORE:5.1.2
Build Time Elapsed:  00:00:01
</pre>
</body>
</html>
