Component: ARM Compiler 5.06 update 6 (build 750) Tool: armlink [4d35ed]

==============================================================================

Section Cross References

    startup_stm32f051x8.o(RESET) refers to startup_stm32f051x8.o(STACK) for __initial_sp
    startup_stm32f051x8.o(RESET) refers to startup_stm32f051x8.o(.text) for Reset_Handler
    startup_stm32f051x8.o(RESET) refers to stm32f0xx_it.o(i.NMI_Handler) for NMI_Handler
    startup_stm32f051x8.o(RESET) refers to stm32f0xx_it.o(i.HardFault_Handler) for HardFault_Handler
    startup_stm32f051x8.o(RESET) refers to stm32f0xx_it.o(i.SVC_Handler) for SVC_Handler
    startup_stm32f051x8.o(RESET) refers to stm32f0xx_it.o(i.PendSV_Handler) for PendSV_Handler
    startup_stm32f051x8.o(RESET) refers to stm32f0xx_it.o(i.SysTick_Handler) for SysTick_Handler
    startup_stm32f051x8.o(RESET) refers to stm32f0xx_it.o(i.EXTI0_1_IRQHandler) for EXTI0_1_IRQHandler
    startup_stm32f051x8.o(RESET) refers to stm32f0xx_it.o(i.ADC1_COMP_IRQHandler) for ADC1_COMP_IRQHandler
    startup_stm32f051x8.o(.text) refers to system_stm32f0xx.o(i.SystemInit) for SystemInit
    startup_stm32f051x8.o(.text) refers to entry.o(.ARM.Collect$$$$00000000) for __main
    main.o(i.MX_ADC_Init) refers to stm32f0xx_hal_adc.o(i.HAL_ADC_Init) for HAL_ADC_Init
    main.o(i.MX_ADC_Init) refers to main.o(i.Error_Handler) for Error_Handler
    main.o(i.MX_ADC_Init) refers to stm32f0xx_hal_adc.o(i.HAL_ADC_ConfigChannel) for HAL_ADC_ConfigChannel
    main.o(i.MX_ADC_Init) refers to main.o(.bss) for hadc
    main.o(i.MX_GPIO_Init) refers to memseta.o(.text) for __aeabi_memclr4
    main.o(i.MX_GPIO_Init) refers to stm32f0xx_hal_gpio.o(i.HAL_GPIO_WritePin) for HAL_GPIO_WritePin
    main.o(i.MX_GPIO_Init) refers to stm32f0xx_hal_gpio.o(i.HAL_GPIO_Init) for HAL_GPIO_Init
    main.o(i.MX_GPIO_Init) refers to stm32f0xx_hal_cortex.o(i.HAL_NVIC_SetPriority) for HAL_NVIC_SetPriority
    main.o(i.MX_GPIO_Init) refers to stm32f0xx_hal_cortex.o(i.HAL_NVIC_EnableIRQ) for HAL_NVIC_EnableIRQ
    main.o(i.MX_TIM1_Init) refers to stm32f0xx_hal_tim.o(i.HAL_TIM_Base_Init) for HAL_TIM_Base_Init
    main.o(i.MX_TIM1_Init) refers to main.o(i.Error_Handler) for Error_Handler
    main.o(i.MX_TIM1_Init) refers to stm32f0xx_hal_tim.o(i.HAL_TIM_ConfigClockSource) for HAL_TIM_ConfigClockSource
    main.o(i.MX_TIM1_Init) refers to stm32f0xx_hal_tim_ex.o(i.HAL_TIMEx_MasterConfigSynchronization) for HAL_TIMEx_MasterConfigSynchronization
    main.o(i.MX_TIM1_Init) refers to main.o(.bss) for htim1
    main.o(i.MX_TIM6_Init) refers to stm32f0xx_hal_tim.o(i.HAL_TIM_Base_Init) for HAL_TIM_Base_Init
    main.o(i.MX_TIM6_Init) refers to main.o(i.Error_Handler) for Error_Handler
    main.o(i.MX_TIM6_Init) refers to stm32f0xx_hal_tim_ex.o(i.HAL_TIMEx_MasterConfigSynchronization) for HAL_TIMEx_MasterConfigSynchronization
    main.o(i.MX_TIM6_Init) refers to main.o(.bss) for htim6
    main.o(i.SystemClock_Config) refers to memseta.o(.text) for __aeabi_memclr4
    main.o(i.SystemClock_Config) refers to stm32f0xx_hal_rcc.o(i.HAL_RCC_OscConfig) for HAL_RCC_OscConfig
    main.o(i.SystemClock_Config) refers to main.o(i.Error_Handler) for Error_Handler
    main.o(i.SystemClock_Config) refers to stm32f0xx_hal_rcc.o(i.HAL_RCC_ClockConfig) for HAL_RCC_ClockConfig
    main.o(i.main) refers to stm32f0xx_hal.o(i.HAL_Init) for HAL_Init
    main.o(i.main) refers to main.o(i.SystemClock_Config) for SystemClock_Config
    main.o(i.main) refers to main.o(i.MX_GPIO_Init) for MX_GPIO_Init
    main.o(i.main) refers to main.o(i.MX_ADC_Init) for MX_ADC_Init
    main.o(i.main) refers to main.o(i.MX_TIM1_Init) for MX_TIM1_Init
    main.o(i.main) refers to main.o(i.MX_TIM6_Init) for MX_TIM6_Init
    main.o(i.main) refers to stm32f0xx_hal.o(i.HAL_Delay) for HAL_Delay
    main.o(i.main) refers to stm32f0xx_hal_gpio.o(i.HAL_GPIO_WritePin) for HAL_GPIO_WritePin
    main.o(i.main) refers to stm32f0xx_hal_tim_ex.o(i.HAL_TIMEx_HallSensor_Start_IT) for HAL_TIMEx_HallSensor_Start_IT
    main.o(i.main) refers to stm32f0xx_hal_adc.o(i.HAL_ADC_Start_IT) for HAL_ADC_Start_IT
    main.o(i.main) refers to stm32f0xx_hal_gpio.o(i.HAL_GPIO_ReadPin) for HAL_GPIO_ReadPin
    main.o(i.main) refers to memseta.o(.text) for __aeabi_memclr4
    main.o(i.main) refers to stm32f0xx_hal_gpio.o(i.HAL_GPIO_Init) for HAL_GPIO_Init
    main.o(i.main) refers to main.o(.data) for sw_value
    main.o(i.main) refers to main.o(.bss) for htim1
    stm32f0xx_it.o(i.ADC1_COMP_IRQHandler) refers to stm32f0xx_hal_adc.o(i.HAL_ADC_IRQHandler) for HAL_ADC_IRQHandler
    stm32f0xx_it.o(i.ADC1_COMP_IRQHandler) refers to main.o(.bss) for hadc
    stm32f0xx_it.o(i.EXTI0_1_IRQHandler) refers to stm32f0xx_hal_gpio.o(i.HAL_GPIO_EXTI_IRQHandler) for HAL_GPIO_EXTI_IRQHandler
    stm32f0xx_it.o(i.HAL_ADC_ConvCpltCallback) refers to stm32f0xx_hal_adc.o(i.HAL_ADC_GetValue) for HAL_ADC_GetValue
    stm32f0xx_it.o(i.HAL_ADC_ConvCpltCallback) refers to main.o(.data) for adc_value
[...]
    stm32f0xx_hal_i2c.o(i.HAL_I2C_Mem_Write_DMA) refers to stm32f0xx_hal.o(i.HAL_GetTick) for HAL_GetTick
    stm32f0xx_hal_i2c.o(i.HAL_I2C_Mem_Write_DMA) refers to stm32f0xx_hal_i2c.o(i.I2C_RequestMemoryWrite) for I2C_RequestMemoryWrite
    stm32f0xx_hal_i2c.o(i.HAL_I2C_Mem_Write_DMA) refers to stm32f0xx_hal_dma.o(i.HAL_DMA_Start_IT) for HAL_DMA_Start_IT
    stm32f0xx_hal_i2c.o(i.HAL_I2C_Mem_Write_DMA) refers to stm32f0xx_hal_i2c.o(i.I2C_TransferConfig) for I2C_TransferConfig
    stm32f0xx_hal_i2c.o(i.HAL_I2C_Mem_Write_DMA) refers to stm32f0xx_hal_i2c.o(i.I2C_Enable_IRQ) for I2C_Enable_IRQ
    stm32f0xx_hal_i2c.o(i.HAL_I2C_Mem_Write_DMA) refers to stm32f0xx_hal_i2c.o(i.I2C_Master_ISR_DMA) for I2C_Master_ISR_DMA
    stm32f0xx_hal_i2c.o(i.HAL_I2C_Mem_Write_DMA) refers to stm32f0xx_hal_i2c.o(i.I2C_DMAMasterTransmitCplt) for I2C_DMAMasterTransmitCplt
    stm32f0xx_hal_i2c.o(i.HAL_I2C_Mem_Write_DMA) refers to stm32f0xx_hal_i2c.o(i.I2C_DMAError) for I2C_DMAError
    stm32f0xx_hal_i2c.o(i.HAL_I2C_Mem_Write_IT) refers to stm32f0xx_hal.o(i.HAL_GetTick) for HAL_GetTick
    stm32f0xx_hal_i2c.o(i.HAL_I2C_Mem_Write_IT) refers to stm32f0xx_hal_i2c.o(i.I2C_RequestMemoryWrite) for I2C_RequestMemoryWrite
    stm32f0xx_hal_i2c.o(i.HAL_I2C_Mem_Write_IT) refers to stm32f0xx_hal_i2c.o(i.I2C_TransferConfig) for I2C_TransferConfig
    stm32f0xx_hal_i2c.o(i.HAL_I2C_Mem_Write_IT) refers to stm32f0xx_hal_i2c.o(i.I2C_Enable_IRQ) for I2C_Enable_IRQ
    stm32f0xx_hal_i2c.o(i.HAL_I2C_Mem_Write_IT) refers to stm32f0xx_hal_i2c.o(i.I2C_Master_ISR_IT) for I2C_Master_ISR_IT
    stm32f0xx_hal_i2c.o(i.HAL_I2C_Slave_Receive) refers to stm32f0xx_hal.o(i.HAL_GetTick) for HAL_GetTick
    stm32f0xx_hal_i2c.o(i.HAL_I2C_Slave_Receive) refers to stm32f0xx_hal_i2c.o(i.I2C_WaitOnFlagUntilTimeout) for I2C_WaitOnFlagUntilTimeout
    stm32f0xx_hal_i2c.o(i.HAL_I2C_Slave_Receive) refers to stm32f0xx_hal_i2c.o(i.I2C_WaitOnRXNEFlagUntilTimeout) for I2C_WaitOnRXNEFlagUntilTimeout
    stm32f0xx_hal_i2c.o(i.HAL_I2C_Slave_Receive) refers to stm32f0xx_hal_i2c.o(i.I2C_WaitOnSTOPFlagUntilTimeout) for I2C_WaitOnSTOPFlagUntilTimeout
    stm32f0xx_hal_i2c.o(i.HAL_I2C_Slave_Receive_DMA) refers to stm32f0xx_hal_dma.o(i.HAL_DMA_Start_IT) for HAL_DMA_Start_IT
    stm32f0xx_hal_i2c.o(i.HAL_I2C_Slave_Receive_DMA) refers to stm32f0xx_hal_i2c.o(i.I2C_Enable_IRQ) for I2C_Enable_IRQ
    stm32f0xx_hal_i2c.o(i.HAL_I2C_Slave_Receive_DMA) refers to stm32f0xx_hal_i2c.o(i.I2C_Slave_ISR_DMA) for I2C_Slave_ISR_DMA
    stm32f0xx_hal_i2c.o(i.HAL_I2C_Slave_Receive_DMA) refers to stm32f0xx_hal_i2c.o(i.I2C_DMASlaveReceiveCplt) for I2C_DMASlaveReceiveCplt
    stm32f0xx_hal_i2c.o(i.HAL_I2C_Slave_Receive_DMA) refers to stm32f0xx_hal_i2c.o(i.I2C_DMAError) for I2C_DMAError
    stm32f0xx_hal_i2c.o(i.HAL_I2C_Slave_Receive_IT) refers to stm32f0xx_hal_i2c.o(i.I2C_Enable_IRQ) for I2C_Enable_IRQ
    stm32f0xx_hal_i2c.o(i.HAL_I2C_Slave_Receive_IT) refers to stm32f0xx_hal_i2c.o(i.I2C_Slave_ISR_IT) for I2C_Slave_ISR_IT
    stm32f0xx_hal_i2c.o(i.HAL_I2C_Slave_Sequential_Receive_IT) refers to stm32f0xx_hal_i2c.o(i.I2C_Disable_IRQ) for I2C_Disable_IRQ
    stm32f0xx_hal_i2c.o(i.HAL_I2C_Slave_Sequential_Receive_IT) refers to stm32f0xx_hal_i2c.o(i.I2C_Enable_IRQ) for I2C_Enable_IRQ
    stm32f0xx_hal_i2c.o(i.HAL_I2C_Slave_Sequential_Receive_IT) refers to stm32f0xx_hal_i2c.o(i.I2C_Slave_ISR_IT) for I2C_Slave_ISR_IT
    stm32f0xx_hal_i2c.o(i.HAL_I2C_Slave_Sequential_Transmit_IT) refers to stm32f0xx_hal_i2c.o(i.I2C_Disable_IRQ) for I2C_Disable_IRQ
    stm32f0xx_hal_i2c.o(i.HAL_I2C_Slave_Sequential_Transmit_IT) refers to stm32f0xx_hal_i2c.o(i.I2C_Enable_IRQ) for I2C_Enable_IRQ
    stm32f0xx_hal_i2c.o(i.HAL_I2C_Slave_Sequential_Transmit_IT) refers to stm32f0xx_hal_i2c.o(i.I2C_Slave_ISR_IT) for I2C_Slave_ISR_IT
    stm32f0xx_hal_i2c.o(i.HAL_I2C_Slave_Transmit) refers to stm32f0xx_hal.o(i.HAL_GetTick) for HAL_GetTick
    stm32f0xx_hal_i2c.o(i.HAL_I2C_Slave_Transmit) refers to stm32f0xx_hal_i2c.o(i.I2C_WaitOnFlagUntilTimeout) for I2C_WaitOnFlagUntilTimeout
    stm32f0xx_hal_i2c.o(i.HAL_I2C_Slave_Transmit) refers to stm32f0xx_hal_i2c.o(i.I2C_WaitOnTXISFlagUntilTimeout) for I2C_WaitOnTXISFlagUntilTimeout
    stm32f0xx_hal_i2c.o(i.HAL_I2C_Slave_Transmit) refers to stm32f0xx_hal_i2c.o(i.I2C_WaitOnSTOPFlagUntilTimeout) for I2C_WaitOnSTOPFlagUntilTimeout
    stm32f0xx_hal_i2c.o(i.HAL_I2C_Slave_Transmit_DMA) refers to stm32f0xx_hal_dma.o(i.HAL_DMA_Start_IT) for HAL_DMA_Start_IT
    stm32f0xx_hal_i2c.o(i.HAL_I2C_Slave_Transmit_DMA) refers to stm32f0xx_hal_i2c.o(i.I2C_Enable_IRQ) for I2C_Enable_IRQ
    stm32f0xx_hal_i2c.o(i.HAL_I2C_Slave_Transmit_DMA) refers to stm32f0xx_hal_i2c.o(i.I2C_Slave_ISR_DMA) for I2C_Slave_ISR_DMA
    stm32f0xx_hal_i2c.o(i.HAL_I2C_Slave_Transmit_DMA) refers to stm32f0xx_hal_i2c.o(i.I2C_DMASlaveTransmitCplt) for I2C_DMASlaveTransmitCplt
    stm32f0xx_hal_i2c.o(i.HAL_I2C_Slave_Transmit_DMA) refers to stm32f0xx_hal_i2c.o(i.I2C_DMAError) for I2C_DMAError
    stm32f0xx_hal_i2c.o(i.HAL_I2C_Slave_Transmit_IT) refers to stm32f0xx_hal_i2c.o(i.I2C_Enable_IRQ) for I2C_Enable_IRQ
    stm32f0xx_hal_i2c.o(i.HAL_I2C_Slave_Transmit_IT) refers to stm32f0xx_hal_i2c.o(i.I2C_Slave_ISR_IT) for I2C_Slave_ISR_IT
    stm32f0xx_hal_i2c.o(i.I2C_DMAAbort) refers to stm32f0xx_hal_i2c.o(i.HAL_I2C_AbortCpltCallback) for HAL_I2C_AbortCpltCallback
    stm32f0xx_hal_i2c.o(i.I2C_DMAAbort) refers to stm32f0xx_hal_i2c.o(i.HAL_I2C_ErrorCallback) for HAL_I2C_ErrorCallback
    stm32f0xx_hal_i2c.o(i.I2C_DMAError) refers to stm32f0xx_hal_i2c.o(i.I2C_ITError) for I2C_ITError
    stm32f0xx_hal_i2c.o(i.I2C_DMAMasterReceiveCplt) refers to stm32f0xx_hal_i2c.o(i.I2C_Enable_IRQ) for I2C_Enable_IRQ
    stm32f0xx_hal_i2c.o(i.I2C_DMAMasterReceiveCplt) refers to stm32f0xx_hal_dma.o(i.HAL_DMA_Start_IT) for HAL_DMA_Start_IT
    stm32f0xx_hal_i2c.o(i.I2C_DMAMasterTransmitCplt) refers to stm32f0xx_hal_i2c.o(i.I2C_Enable_IRQ) for I2C_Enable_IRQ
    stm32f0xx_hal_i2c.o(i.I2C_DMAMasterTransmitCplt) refers to stm32f0xx_hal_dma.o(i.HAL_DMA_Start_IT) for HAL_DMA_Start_IT
    stm32f0xx_hal_i2c.o(i.I2C_Enable_IRQ) refers to stm32f0xx_hal_i2c.o(i.I2C_Master_ISR_DMA) for I2C_Master_ISR_DMA
    stm32f0xx_hal_i2c.o(i.I2C_Enable_IRQ) refers to stm32f0xx_hal_i2c.o(i.I2C_Slave_ISR_DMA) for I2C_Slave_ISR_DMA
    stm32f0xx_hal_i2c.o(i.I2C_ITAddrCplt) refers to stm32f0xx_hal_i2c.o(i.HAL_I2C_AddrCallback) for HAL_I2C_AddrCallback
    stm32f0xx_hal_i2c.o(i.I2C_ITAddrCplt) refers to stm32f0xx_hal_i2c.o(i.I2C_Disable_IRQ) for I2C_Disable_IRQ
    stm32f0xx_hal_i2c.o(i.I2C_ITError) refers to stm32f0xx_hal_i2c.o(i.I2C_Disable_IRQ) for I2C_Disable_IRQ
    stm32f0xx_hal_i2c.o(i.I2C_ITError) refers to stm32f0xx_hal_dma.o(i.HAL_DMA_Abort_IT) for HAL_DMA_Abort_IT
    stm32f0xx_hal_i2c.o(i.I2C_ITError) refers to stm32f0xx_hal_i2c.o(i.HAL_I2C_AbortCpltCallback) for HAL_I2C_AbortCpltCallback
    stm32f0xx_hal_i2c.o(i.I2C_ITError) refers to stm32f0xx_hal_i2c.o(i.HAL_I2C_ErrorCallback) for HAL_I2C_ErrorCallback
    stm32f0xx_hal_i2c.o(i.I2C_ITError) refers to stm32f0xx_hal_i2c.o(i.I2C_Slave_ISR_IT) for I2C_Slave_ISR_IT
    stm32f0xx_hal_i2c.o(i.I2C_ITError) refers to stm32f0xx_hal_i2c.o(i.I2C_DMAAbort) for I2C_DMAAbort
    stm32f0xx_hal_i2c.o(i.I2C_ITListenCplt) refers to stm32f0xx_hal_i2c.o(i.I2C_Disable_IRQ) for I2C_Disable_IRQ
    stm32f0xx_hal_i2c.o(i.I2C_ITListenCplt) refers to stm32f0xx_hal_i2c.o(i.HAL_I2C_ListenCpltCallback) for HAL_I2C_ListenCpltCallback
    stm32f0xx_hal_i2c.o(i.I2C_ITMasterCplt) refers to stm32f0xx_hal_i2c.o(i.I2C_Flush_TXDR) for I2C_Flush_TXDR
    stm32f0xx_hal_i2c.o(i.I2C_ITMasterCplt) refers to stm32f0xx_hal_i2c.o(i.I2C_Disable_IRQ) for I2C_Disable_IRQ
    stm32f0xx_hal_i2c.o(i.I2C_ITMasterCplt) refers to stm32f0xx_hal_i2c.o(i.I2C_ITError) for I2C_ITError
    stm32f0xx_hal_i2c.o(i.I2C_ITMasterCplt) refers to stm32f0xx_hal_i2c.o(i.HAL_I2C_MemTxCpltCallback) for HAL_I2C_MemTxCpltCallback
    stm32f0xx_hal_i2c.o(i.I2C_ITMasterCplt) refers to stm32f0xx_hal_i2c.o(i.HAL_I2C_MasterTxCpltCallback) for HAL_I2C_MasterTxCpltCallback
    stm32f0xx_hal_i2c.o(i.I2C_ITMasterCplt) refers to stm32f0xx_hal_i2c.o(i.HAL_I2C_MemRxCpltCallback) for HAL_I2C_MemRxCpltCallback
    stm32f0xx_hal_i2c.o(i.I2C_ITMasterCplt) refers to stm32f0xx_hal_i2c.o(i.HAL_I2C_MasterRxCpltCallback) for HAL_I2C_MasterRxCpltCallback
    stm32f0xx_hal_i2c.o(i.I2C_ITMasterSequentialCplt) refers to stm32f0xx_hal_i2c.o(i.I2C_Disable_IRQ) for I2C_Disable_IRQ
    stm32f0xx_hal_i2c.o(i.I2C_ITMasterSequentialCplt) refers to stm32f0xx_hal_i2c.o(i.HAL_I2C_MasterTxCpltCallback) for HAL_I2C_MasterTxCpltCallback
    stm32f0xx_hal_i2c.o(i.I2C_ITMasterSequentialCplt) refers to stm32f0xx_hal_i2c.o(i.HAL_I2C_MasterRxCpltCallback) for HAL_I2C_MasterRxCpltCallback
    stm32f0xx_hal_i2c.o(i.I2C_ITSlaveCplt) refers to stm32f0xx_hal_i2c.o(i.I2C_Disable_IRQ) for I2C_Disable_IRQ
    stm32f0xx_hal_i2c.o(i.I2C_ITSlaveCplt) refers to stm32f0xx_hal_i2c.o(i.I2C_Flush_TXDR) for I2C_Flush_TXDR
    stm32f0xx_hal_i2c.o(i.I2C_ITSlaveCplt) refers to stm32f0xx_hal_i2c.o(i.I2C_ITError) for I2C_ITError
    stm32f0xx_hal_i2c.o(i.I2C_ITSlaveCplt) refers to stm32f0xx_hal_i2c.o(i.I2C_ITListenCplt) for I2C_ITListenCplt
    stm32f0xx_hal_i2c.o(i.I2C_ITSlaveCplt) refers to stm32f0xx_hal_i2c.o(i.HAL_I2C_ListenCpltCallback) for HAL_I2C_ListenCpltCallback
    stm32f0xx_hal_i2c.o(i.I2C_ITSlaveCplt) refers to stm32f0xx_hal_i2c.o(i.HAL_I2C_SlaveRxCpltCallback) for HAL_I2C_SlaveRxCpltCallback
    stm32f0xx_hal_i2c.o(i.I2C_ITSlaveCplt) refers to stm32f0xx_hal_i2c.o(i.HAL_I2C_SlaveTxCpltCallback) for HAL_I2C_SlaveTxCpltCallback
    stm32f0xx_hal_i2c.o(i.I2C_ITSlaveSequentialCplt) refers to stm32f0xx_hal_i2c.o(i.I2C_Disable_IRQ) for I2C_Disable_IRQ
    stm32f0xx_hal_i2c.o(i.I2C_ITSlaveSequentialCplt) refers to stm32f0xx_hal_i2c.o(i.HAL_I2C_SlaveTxCpltCallback) for HAL_I2C_SlaveTxCpltCallback
    stm32f0xx_hal_i2c.o(i.I2C_ITSlaveSequentialCplt) refers to stm32f0xx_hal_i2c.o(i.HAL_I2C_SlaveRxCpltCallback) for HAL_I2C_SlaveRxCpltCallback
    stm32f0xx_hal_i2c.o(i.I2C_IsAcknowledgeFailed) refers to stm32f0xx_hal.o(i.HAL_GetTick) for HAL_GetTick
    stm32f0xx_hal_i2c.o(i.I2C_IsAcknowledgeFailed) refers to stm32f0xx_hal_i2c.o(i.I2C_Flush_TXDR) for I2C_Flush_TXDR
    stm32f0xx_hal_i2c.o(i.I2C_Master_ISR_DMA) refers to stm32f0xx_hal_i2c.o(i.I2C_Enable_IRQ) for I2C_Enable_IRQ
    stm32f0xx_hal_i2c.o(i.I2C_Master_ISR_DMA) refers to stm32f0xx_hal_i2c.o(i.I2C_Flush_TXDR) for I2C_Flush_TXDR
    stm32f0xx_hal_i2c.o(i.I2C_Master_ISR_DMA) refers to stm32f0xx_hal_i2c.o(i.I2C_TransferConfig) for I2C_TransferConfig
    stm32f0xx_hal_i2c.o(i.I2C_Master_ISR_DMA) refers to stm32f0xx_hal_i2c.o(i.I2C_ITError) for I2C_ITError
    stm32f0xx_hal_i2c.o(i.I2C_Master_ISR_DMA) refers to stm32f0xx_hal_i2c.o(i.I2C_ITMasterCplt) for I2C_ITMasterCplt
    stm32f0xx_hal_i2c.o(i.I2C_Master_ISR_IT) refers to stm32f0xx_hal_i2c.o(i.I2C_Flush_TXDR) for I2C_Flush_TXDR
    stm32f0xx_hal_i2c.o(i.I2C_Master_ISR_IT) refers to stm32f0xx_hal_i2c.o(i.I2C_TransferConfig) for I2C_TransferConfig
    stm32f0xx_hal_i2c.o(i.I2C_Master_ISR_IT) refers to stm32f0xx_hal_i2c.o(i.I2C_ITMasterSequentialCplt) for I2C_ITMasterSequentialCplt
    stm32f0xx_hal_i2c.o(i.I2C_Master_ISR_IT) refers to stm32f0xx_hal_i2c.o(i.I2C_ITError) for I2C_ITError
    stm32f0xx_hal_i2c.o(i.I2C_Master_ISR_IT) refers to stm32f0xx_hal_i2c.o(i.I2C_ITMasterCplt) for I2C_ITMasterCplt
    stm32f0xx_hal_i2c.o(i.I2C_RequestMemoryRead) refers to stm32f0xx_hal_i2c.o(i.I2C_TransferConfig) for I2C_TransferConfig
    stm32f0xx_hal_i2c.o(i.I2C_RequestMemoryRead) refers to stm32f0xx_hal_i2c.o(i.I2C_WaitOnTXISFlagUntilTimeout) for I2C_WaitOnTXISFlagUntilTimeout
    stm32f0xx_hal_i2c.o(i.I2C_RequestMemoryRead) refers to stm32f0xx_hal_i2c.o(i.I2C_WaitOnFlagUntilTimeout) for I2C_WaitOnFlagUntilTimeout
    stm32f0xx_hal_i2c.o(i.I2C_RequestMemoryWrite) refers to stm32f0xx_hal_i2c.o(i.I2C_TransferConfig) for I2C_TransferConfig
    stm32f0xx_hal_i2c.o(i.I2C_RequestMemoryWrite) refers to stm32f0xx_hal_i2c.o(i.I2C_WaitOnTXISFlagUntilTimeout) for I2C_WaitOnTXISFlagUntilTimeout
    stm32f0xx_hal_i2c.o(i.I2C_RequestMemoryWrite) refers to stm32f0xx_hal_i2c.o(i.I2C_WaitOnFlagUntilTimeout) for I2C_WaitOnFlagUntilTimeout
    stm32f0xx_hal_i2c.o(i.I2C_Slave_ISR_DMA) refers to stm32f0xx_hal_i2c.o(i.I2C_ITSlaveCplt) for I2C_ITSlaveCplt
    stm32f0xx_hal_i2c.o(i.I2C_Slave_ISR_IT) refers to stm32f0xx_hal_i2c.o(i.I2C_ITListenCplt) for I2C_ITListenCplt
    stm32f0xx_hal_i2c.o(i.I2C_Slave_ISR_IT) refers to stm32f0xx_hal_i2c.o(i.I2C_Flush_TXDR) for I2C_Flush_TXDR
    stm32f0xx_hal_i2c.o(i.I2C_Slave_ISR_IT) refers to stm32f0xx_hal_i2c.o(i.I2C_ITSlaveSequentialCplt) for I2C_ITSlaveSequentialCplt
    stm32f0xx_hal_i2c.o(i.I2C_Slave_ISR_IT) refers to stm32f0xx_hal_i2c.o(i.I2C_ITAddrCplt) for I2C_ITAddrCplt
    stm32f0xx_hal_i2c.o(i.I2C_Slave_ISR_IT) refers to stm32f0xx_hal_i2c.o(i.I2C_ITSlaveCplt) for I2C_ITSlaveCplt
    stm32f0xx_hal_i2c.o(i.I2C_WaitOnFlagUntilTimeout) refers to stm32f0xx_hal.o(i.HAL_GetTick) for HAL_GetTick
    stm32f0xx_hal_i2c.o(i.I2C_WaitOnRXNEFlagUntilTimeout) refers to stm32f0xx_hal_i2c.o(i.I2C_IsAcknowledgeFailed) for I2C_IsAcknowledgeFailed
    stm32f0xx_hal_i2c.o(i.I2C_WaitOnRXNEFlagUntilTimeout) refers to stm32f0xx_hal.o(i.HAL_GetTick) for HAL_GetTick
    stm32f0xx_hal_i2c.o(i.I2C_WaitOnSTOPFlagUntilTimeout) refers to stm32f0xx_hal_i2c.o(i.I2C_IsAcknowledgeFailed) for I2C_IsAcknowledgeFailed
    stm32f0xx_hal_i2c.o(i.I2C_WaitOnSTOPFlagUntilTimeout) refers to stm32f0xx_hal.o(i.HAL_GetTick) for HAL_GetTick
    stm32f0xx_hal_i2c.o(i.I2C_WaitOnTXISFlagUntilTimeout) refers to stm32f0xx_hal_i2c.o(i.I2C_IsAcknowledgeFailed) for I2C_IsAcknowledgeFailed
    stm32f0xx_hal_i2c.o(i.I2C_WaitOnTXISFlagUntilTimeout) refers to stm32f0xx_hal.o(i.HAL_GetTick) for HAL_GetTick
    stm32f0xx_hal_gpio.o(i.HAL_GPIO_EXTI_IRQHandler) refers to stm32f0xx_it.o(i.HAL_GPIO_EXTI_Callback) for HAL_GPIO_EXTI_Callback
    stm32f0xx_hal_dma.o(i.DMA_CalcBaseAndBitshift) refers to uidiv.o(.text) for __aeabi_uidivmod
    stm32f0xx_hal_dma.o(i.HAL_DMA_DeInit) refers to stm32f0xx_hal_dma.o(i.DMA_CalcBaseAndBitshift) for DMA_CalcBaseAndBitshift
    stm32f0xx_hal_dma.o(i.HAL_DMA_Init) refers to stm32f0xx_hal_dma.o(i.DMA_CalcBaseAndBitshift) for DMA_CalcBaseAndBitshift
    stm32f0xx_hal_dma.o(i.HAL_DMA_PollForTransfer) refers to stm32f0xx_hal.o(i.HAL_GetTick) for HAL_GetTick
    stm32f0xx_hal_dma.o(i.HAL_DMA_Start) refers to stm32f0xx_hal_dma.o(i.DMA_SetConfig) for DMA_SetConfig
    stm32f0xx_hal_dma.o(i.HAL_DMA_Start_IT) refers to stm32f0xx_hal_dma.o(i.DMA_SetConfig) for DMA_SetConfig
    stm32f0xx_hal_dma.o(i.HAL_DMA_UnRegisterCallback) refers to stm32f0xx_hal_tim.o(i.__ARM_common_switch8) for __ARM_common_switch8
    stm32f0xx_hal_cortex.o(i.HAL_NVIC_SetPriority) refers to stm32f0xx_hal_cortex.o(i.NVIC_SetPriority) for NVIC_SetPriority
    stm32f0xx_hal_cortex.o(i.HAL_SYSTICK_Config) refers to stm32f0xx_hal_cortex.o(i.NVIC_SetPriority) for NVIC_SetPriority
    stm32f0xx_hal_cortex.o(i.HAL_SYSTICK_IRQHandler) refers to stm32f0xx_hal_cortex.o(i.HAL_SYSTICK_Callback) for HAL_SYSTICK_Callback
    stm32f0xx_hal_pwr_ex.o(i.HAL_PWR_PVD_IRQHandler) refers to stm32f0xx_hal_pwr_ex.o(i.HAL_PWR_PVDCallback) for HAL_PWR_PVDCallback
    stm32f0xx_hal_flash.o(i.FLASH_Program_HalfWord) refers to stm32f0xx_hal_flash.o(.bss) for pFlash
    stm32f0xx_hal_flash.o(i.FLASH_SetErrorCode) refers to stm32f0xx_hal_flash.o(.bss) for pFlash
    stm32f0xx_hal_flash.o(i.FLASH_WaitForLastOperation) refers to stm32f0xx_hal.o(i.HAL_GetTick) for HAL_GetTick
    stm32f0xx_hal_flash.o(i.FLASH_WaitForLastOperation) refers to stm32f0xx_hal_flash.o(i.FLASH_SetErrorCode) for FLASH_SetErrorCode
    stm32f0xx_hal_flash.o(i.HAL_FLASH_GetError) refers to stm32f0xx_hal_flash.o(.bss) for pFlash
    stm32f0xx_hal_flash.o(i.HAL_FLASH_IRQHandler) refers to stm32f0xx_hal_flash.o(i.FLASH_SetErrorCode) for FLASH_SetErrorCode
    stm32f0xx_hal_flash.o(i.HAL_FLASH_IRQHandler) refers to stm32f0xx_hal_flash.o(i.HAL_FLASH_OperationErrorCallback) for HAL_FLASH_OperationErrorCallback
    stm32f0xx_hal_flash.o(i.HAL_FLASH_IRQHandler) refers to stm32f0xx_hal_flash.o(i.HAL_FLASH_EndOfOperationCallback) for HAL_FLASH_EndOfOperationCallback
    stm32f0xx_hal_flash.o(i.HAL_FLASH_IRQHandler) refers to stm32f0xx_hal_flash_ex.o(i.FLASH_PageErase) for FLASH_PageErase
    stm32f0xx_hal_flash.o(i.HAL_FLASH_IRQHandler) refers to stm32f0xx_hal_flash.o(i.FLASH_Program_HalfWord) for FLASH_Program_HalfWord
    stm32f0xx_hal_flash.o(i.HAL_FLASH_IRQHandler) refers to stm32f0xx_hal_flash.o(.bss) for pFlash
    stm32f0xx_hal_flash.o(i.HAL_FLASH_OB_Launch) refers to stm32f0xx_hal_flash.o(i.FLASH_WaitForLastOperation) for FLASH_WaitForLastOperation
    stm32f0xx_hal_flash.o(i.HAL_FLASH_Program) refers to stm32f0xx_hal_flash.o(i.FLASH_WaitForLastOperation) for FLASH_WaitForLastOperation
    stm32f0xx_hal_flash.o(i.HAL_FLASH_Program) refers to llushr.o(.text) for __aeabi_llsr
    stm32f0xx_hal_flash.o(i.HAL_FLASH_Program) refers to stm32f0xx_hal_flash.o(i.FLASH_Program_HalfWord) for FLASH_Program_HalfWord
    stm32f0xx_hal_flash.o(i.HAL_FLASH_Program) refers to stm32f0xx_hal_flash.o(.bss) for pFlash
    stm32f0xx_hal_flash.o(i.HAL_FLASH_Program_IT) refers to stm32f0xx_hal_flash.o(i.FLASH_Program_HalfWord) for FLASH_Program_HalfWord
    stm32f0xx_hal_flash.o(i.HAL_FLASH_Program_IT) refers to stm32f0xx_hal_flash.o(.bss) for pFlash
    stm32f0xx_hal_flash_ex.o(i.FLASH_MassErase) refers to stm32f0xx_hal_flash.o(.bss) for pFlash
    stm32f0xx_hal_flash_ex.o(i.FLASH_OB_DisableWRP) refers to stm32f0xx_hal_flash_ex.o(i.FLASH_OB_GetWRP) for FLASH_OB_GetWRP
    stm32f0xx_hal_flash_ex.o(i.FLASH_OB_DisableWRP) refers to stm32f0xx_hal_flash.o(i.FLASH_WaitForLastOperation) for FLASH_WaitForLastOperation
    stm32f0xx_hal_flash_ex.o(i.FLASH_OB_DisableWRP) refers to stm32f0xx_hal_flash_ex.o(i.HAL_FLASHEx_OBErase) for HAL_FLASHEx_OBErase
    stm32f0xx_hal_flash_ex.o(i.FLASH_OB_DisableWRP) refers to stm32f0xx_hal_flash.o(.bss) for pFlash
    stm32f0xx_hal_flash_ex.o(i.FLASH_OB_EnableWRP) refers to stm32f0xx_hal_flash_ex.o(i.FLASH_OB_GetWRP) for FLASH_OB_GetWRP
    stm32f0xx_hal_flash_ex.o(i.FLASH_OB_EnableWRP) refers to stm32f0xx_hal_flash.o(i.FLASH_WaitForLastOperation) for FLASH_WaitForLastOperation
    stm32f0xx_hal_flash_ex.o(i.FLASH_OB_EnableWRP) refers to stm32f0xx_hal_flash_ex.o(i.HAL_FLASHEx_OBErase) for HAL_FLASHEx_OBErase
    stm32f0xx_hal_flash_ex.o(i.FLASH_OB_EnableWRP) refers to stm32f0xx_hal_flash.o(.bss) for pFlash
    stm32f0xx_hal_flash_ex.o(i.FLASH_OB_ProgramData) refers to stm32f0xx_hal_flash.o(i.FLASH_WaitForLastOperation) for FLASH_WaitForLastOperation
    stm32f0xx_hal_flash_ex.o(i.FLASH_OB_ProgramData) refers to stm32f0xx_hal_flash.o(.bss) for pFlash
    stm32f0xx_hal_flash_ex.o(i.FLASH_OB_RDP_LevelConfig) refers to stm32f0xx_hal_flash.o(i.FLASH_WaitForLastOperation) for FLASH_WaitForLastOperation
    stm32f0xx_hal_flash_ex.o(i.FLASH_OB_RDP_LevelConfig) refers to stm32f0xx_hal_flash.o(.bss) for pFlash
    stm32f0xx_hal_flash_ex.o(i.FLASH_OB_UserConfig) refers to stm32f0xx_hal_flash.o(i.FLASH_WaitForLastOperation) for FLASH_WaitForLastOperation
    stm32f0xx_hal_flash_ex.o(i.FLASH_OB_UserConfig) refers to stm32f0xx_hal_flash.o(.bss) for pFlash
    stm32f0xx_hal_flash_ex.o(i.FLASH_PageErase) refers to stm32f0xx_hal_flash.o(.bss) for pFlash
    stm32f0xx_hal_flash_ex.o(i.HAL_FLASHEx_Erase) refers to stm32f0xx_hal_flash.o(i.FLASH_WaitForLastOperation) for FLASH_WaitForLastOperation
    stm32f0xx_hal_flash_ex.o(i.HAL_FLASHEx_Erase) refers to stm32f0xx_hal_flash_ex.o(i.FLASH_MassErase) for FLASH_MassErase
    stm32f0xx_hal_flash_ex.o(i.HAL_FLASHEx_Erase) refers to stm32f0xx_hal_flash_ex.o(i.FLASH_PageErase) for FLASH_PageErase
    stm32f0xx_hal_flash_ex.o(i.HAL_FLASHEx_Erase) refers to stm32f0xx_hal_flash.o(.bss) for pFlash
    stm32f0xx_hal_flash_ex.o(i.HAL_FLASHEx_Erase_IT) refers to stm32f0xx_hal_flash_ex.o(i.FLASH_MassErase) for FLASH_MassErase
    stm32f0xx_hal_flash_ex.o(i.HAL_FLASHEx_Erase_IT) refers to stm32f0xx_hal_flash_ex.o(i.FLASH_PageErase) for FLASH_PageErase
    stm32f0xx_hal_flash_ex.o(i.HAL_FLASHEx_Erase_IT) refers to stm32f0xx_hal_flash.o(.bss) for pFlash
    stm32f0xx_hal_flash_ex.o(i.HAL_FLASHEx_OBErase) refers to stm32f0xx_hal_flash_ex.o(i.FLASH_OB_GetRDP) for FLASH_OB_GetRDP
    stm32f0xx_hal_flash_ex.o(i.HAL_FLASHEx_OBErase) refers to stm32f0xx_hal_flash.o(i.FLASH_WaitForLastOperation) for FLASH_WaitForLastOperation
    stm32f0xx_hal_flash_ex.o(i.HAL_FLASHEx_OBErase) refers to stm32f0xx_hal_flash_ex.o(i.FLASH_OB_RDP_LevelConfig) for FLASH_OB_RDP_LevelConfig
    stm32f0xx_hal_flash_ex.o(i.HAL_FLASHEx_OBErase) refers to stm32f0xx_hal_flash.o(.bss) for pFlash
    stm32f0xx_hal_flash_ex.o(i.HAL_FLASHEx_OBGetConfig) refers to stm32f0xx_hal_flash_ex.o(i.FLASH_OB_GetWRP) for FLASH_OB_GetWRP
    stm32f0xx_hal_flash_ex.o(i.HAL_FLASHEx_OBGetConfig) refers to stm32f0xx_hal_flash_ex.o(i.FLASH_OB_GetRDP) for FLASH_OB_GetRDP
    stm32f0xx_hal_flash_ex.o(i.HAL_FLASHEx_OBGetConfig) refers to stm32f0xx_hal_flash_ex.o(i.FLASH_OB_GetUser) for FLASH_OB_GetUser
    stm32f0xx_hal_flash_ex.o(i.HAL_FLASHEx_OBProgram) refers to stm32f0xx_hal_flash_ex.o(i.FLASH_OB_EnableWRP) for FLASH_OB_EnableWRP
    stm32f0xx_hal_flash_ex.o(i.HAL_FLASHEx_OBProgram) refers to stm32f0xx_hal_flash_ex.o(i.FLASH_OB_DisableWRP) for FLASH_OB_DisableWRP
    stm32f0xx_hal_flash_ex.o(i.HAL_FLASHEx_OBProgram) refers to stm32f0xx_hal_flash_ex.o(i.FLASH_OB_RDP_LevelConfig) for FLASH_OB_RDP_LevelConfig
    stm32f0xx_hal_flash_ex.o(i.HAL_FLASHEx_OBProgram) refers to stm32f0xx_hal_flash_ex.o(i.FLASH_OB_UserConfig) for FLASH_OB_UserConfig
    stm32f0xx_hal_flash_ex.o(i.HAL_FLASHEx_OBProgram) refers to stm32f0xx_hal_flash_ex.o(i.FLASH_OB_ProgramData) for FLASH_OB_ProgramData
    stm32f0xx_hal_flash_ex.o(i.HAL_FLASHEx_OBProgram) refers to stm32f0xx_hal_flash.o(.bss) for pFlash
    system_stm32f0xx.o(i.SystemCoreClockUpdate) refers to uidiv.o(.text) for __aeabi_uidivmod
    system_stm32f0xx.o(i.SystemCoreClockUpdate) refers to system_stm32f0xx.o(.data) for SystemCoreClock
    system_stm32f0xx.o(i.SystemCoreClockUpdate) refers to system_stm32f0xx.o(.constdata) for AHBPrescTable
    entry.o(.ARM.Collect$$$$00000000) refers (Special) to entry10a.o(.ARM.Collect$$$$0000000D) for __rt_final_cpp
    entry.o(.ARM.Collect$$$$00000000) refers (Special) to entry11a.o(.ARM.Collect$$$$0000000F) for __rt_final_exit
    entry.o(.ARM.Collect$$$$00000000) refers (Special) to entry7b.o(.ARM.Collect$$$$00000008) for _main_clock
    entry.o(.ARM.Collect$$$$00000000) refers (Special) to entry8b.o(.ARM.Collect$$$$0000000A) for _main_cpp_init
    entry.o(.ARM.Collect$$$$00000000) refers (Special) to entry9a.o(.ARM.Collect$$$$0000000B) for _main_init
    entry.o(.ARM.Collect$$$$00000000) refers (Special) to entry5.o(.ARM.Collect$$$$00000004) for _main_scatterload
    entry.o(.ARM.Collect$$$$00000000) refers (Special) to entry2.o(.ARM.Collect$$$$00000001) for _main_stk
    entry2.o(.ARM.Collect$$$$00000001) refers to entry2.o(.ARM.Collect$$$$00002712) for __lit__00000000
    entry2.o(.ARM.Collect$$$$00002712) refers to startup_stm32f051x8.o(STACK) for __initial_sp
    entry2.o(__vectab_stack_and_reset_area) refers to startup_stm32f051x8.o(STACK) for __initial_sp
    entry2.o(__vectab_stack_and_reset_area) refers to entry.o(.ARM.Collect$$$$00000000) for __main
    entry5.o(.ARM.Collect$$$$00000004) refers to init.o(.text) for __scatterload
    entry9a.o(.ARM.Collect$$$$0000000B) refers to main.o(i.main) for main
    entry9b.o(.ARM.Collect$$$$0000000C) refers to main.o(i.main) for main
    init.o(.text) refers to entry5.o(.ARM.Collect$$$$00000004) for __main_after_scatterload


==============================================================================

Removing Unused input sections from the image.

    Removing startup_stm32f051x8.o(HEAP), (512 bytes).
    Removing main.o(.rev16_text), (4 bytes).
    Removing main.o(.revsh_text), (4 bytes).
    Removing stm32f0xx_it.o(.rev16_text), (4 bytes).
    Removing stm32f0xx_it.o(.revsh_text), (4 bytes).
    Removing stm32f0xx_hal_msp.o(.rev16_text), (4 bytes).
    Removing stm32f0xx_hal_msp.o(.revsh_text), (4 bytes).
    Removing stm32f0xx_hal_msp.o(i.HAL_ADC_MspDeInit), (52 bytes).
    Removing stm32f0xx_hal_msp.o(i.HAL_TIM_Base_MspDeInit), (56 bytes).
    Removing stm32f0xx_hal_adc.o(.rev16_text), (4 bytes).
    Removing stm32f0xx_hal_adc.o(.revsh_text), (4 bytes).
    Removing stm32f0xx_hal_adc.o(i.ADC_ConversionStop), (108 bytes).
    Removing stm32f0xx_hal_adc.o(i.ADC_DMAConvCplt), (134 bytes).
    Removing stm32f0xx_hal_adc.o(i.ADC_DMAError), (30 bytes).
    Removing stm32f0xx_hal_adc.o(i.ADC_DMAHalfConvCplt), (14 bytes).
    Removing stm32f0xx_hal_adc.o(i.ADC_Disable), (170 bytes).
    Removing stm32f0xx_hal_adc.o(i.HAL_ADC_AnalogWDGConfig), (212 bytes).
    Removing stm32f0xx_hal_adc.o(i.HAL_ADC_ConvCpltCallback), (2 bytes).
    Removing stm32f0xx_hal_adc.o(i.HAL_ADC_ConvHalfCpltCallback), (2 bytes).
    Removing stm32f0xx_hal_adc.o(i.HAL_ADC_DeInit), (184 bytes).
    Removing stm32f0xx_hal_adc.o(i.HAL_ADC_GetError), (6 bytes).
    Removing stm32f0xx_hal_adc.o(i.HAL_ADC_GetState), (6 bytes).
    Removing stm32f0xx_hal_adc.o(i.HAL_ADC_MspDeInit), (2 bytes).
    Removing stm32f0xx_hal_adc.o(i.HAL_ADC_MspInit), (2 bytes).
    Removing stm32f0xx_hal_adc.o(i.HAL_ADC_PollForConversion), (228 bytes).
    Removing stm32f0xx_hal_adc.o(i.HAL_ADC_PollForEvent), (138 bytes).
    Removing stm32f0xx_hal_adc.o(i.HAL_ADC_Start), (120 bytes).
    Removing stm32f0xx_hal_adc.o(i.HAL_ADC_Start_DMA), (192 bytes).
    Removing stm32f0xx_hal_adc.o(i.HAL_ADC_Stop), (80 bytes).
    Removing stm32f0xx_hal_adc.o(i.HAL_ADC_Stop_DMA), (136 bytes).
    Removing stm32f0xx_hal_adc.o(i.HAL_ADC_Stop_IT), (92 bytes).
    Removing stm32f0xx_hal_adc_ex.o(.rev16_text), (4 bytes).
    Removing stm32f0xx_hal_adc_ex.o(.revsh_text), (4 bytes).
    Removing stm32f0xx_hal_adc_ex.o(i.HAL_ADCEx_Calibration_Start), (228 bytes).
    Removing stm32f0xx_hal_tim.o(.rev16_text), (4 bytes).
    Removing stm32f0xx_hal_tim.o(.revsh_text), (4 bytes).
    Removing stm32f0xx_hal_tim.o(i.HAL_TIM_Base_DeInit), (80 bytes).
    Removing stm32f0xx_hal_tim.o(i.HAL_TIM_Base_GetState), (8 bytes).
    Removing stm32f0xx_hal_tim.o(i.HAL_TIM_Base_MspDeInit), (2 bytes).
    Removing stm32f0xx_hal_tim.o(i.HAL_TIM_Base_MspInit), (2 bytes).
    Removing stm32f0xx_hal_tim.o(i.HAL_TIM_Base_Start), (30 bytes).
    Removing stm32f0xx_hal_tim.o(i.HAL_TIM_Base_Start_DMA), (108 bytes).
    Removing stm32f0xx_hal_tim.o(i.HAL_TIM_Base_Start_IT), (30 bytes).
    Removing stm32f0xx_hal_tim.o(i.HAL_TIM_Base_Stop), (64 bytes).
    Removing stm32f0xx_hal_tim.o(i.HAL_TIM_Base_Stop_DMA), (72 bytes).
    Removing stm32f0xx_hal_tim.o(i.HAL_TIM_Base_Stop_IT), (64 bytes).
    Removing stm32f0xx_hal_tim.o(i.HAL_TIM_ConfigOCrefClear), (296 bytes).
    Removing stm32f0xx_hal_tim.o(i.HAL_TIM_ConfigTI1Input), (34 bytes).
    Removing stm32f0xx_hal_tim.o(i.HAL_TIM_DMABurst_MultiReadStart), (380 bytes).
    Removing stm32f0xx_hal_tim.o(i.HAL_TIM_DMABurst_MultiWriteStart), (380 bytes).
    Removing stm32f0xx_hal_tim.o(i.HAL_TIM_DMABurst_ReadStart), (36 bytes).
    Removing stm32f0xx_hal_tim.o(i.HAL_TIM_DMABurst_ReadStop), (146 bytes).
    Removing stm32f0xx_hal_tim.o(i.HAL_TIM_DMABurst_WriteStart), (36 bytes).
    Removing stm32f0xx_hal_tim.o(i.HAL_TIM_DMABurst_WriteStop), (146 bytes).
    Removing stm32f0xx_hal_tim.o(i.HAL_TIM_Encoder_DeInit), (80 bytes).
    Removing stm32f0xx_hal_tim.o(i.HAL_TIM_Encoder_GetState), (8 bytes).
    Removing stm32f0xx_hal_tim.o(i.HAL_TIM_Encoder_Init), (196 bytes).
    Removing stm32f0xx_hal_tim.o(i.HAL_TIM_Encoder_MspDeInit), (2 bytes).
    Removing stm32f0xx_hal_tim.o(i.HAL_TIM_Encoder_MspInit), (2 bytes).
    Removing stm32f0xx_hal_tim.o(i.HAL_TIM_Encoder_Start), (80 bytes).
    Removing stm32f0xx_hal_tim.o(i.HAL_TIM_Encoder_Start_DMA), (336 bytes).
    Removing stm32f0xx_hal_tim.o(i.HAL_TIM_Encoder_Start_IT), (128 bytes).
    Removing stm32f0xx_hal_tim.o(i.HAL_TIM_Encoder_Stop), (112 bytes).
    Removing stm32f0xx_hal_tim.o(i.HAL_TIM_Encoder_Stop_DMA), (168 bytes).
    Removing stm32f0xx_hal_tim.o(i.HAL_TIM_Encoder_Stop_IT), (160 bytes).
    Removing stm32f0xx_hal_tim.o(i.HAL_TIM_ErrorCallback), (2 bytes).
    Removing stm32f0xx_hal_tim.o(i.HAL_TIM_GenerateEvent), (54 bytes).
    Removing stm32f0xx_hal_tim.o(i.HAL_TIM_IC_CaptureCallback), (2 bytes).
    Removing stm32f0xx_hal_tim.o(i.HAL_TIM_IC_ConfigChannel), (226 bytes).
    Removing stm32f0xx_hal_tim.o(i.HAL_TIM_IC_DeInit), (80 bytes).
    Removing stm32f0xx_hal_tim.o(i.HAL_TIM_IC_GetState), (8 bytes).
    Removing stm32f0xx_hal_tim.o(i.HAL_TIM_IC_Init), (56 bytes).
    Removing stm32f0xx_hal_tim.o(i.HAL_TIM_IC_MspDeInit), (2 bytes).
    Removing stm32f0xx_hal_tim.o(i.HAL_TIM_IC_MspInit), (2 bytes).
    Removing stm32f0xx_hal_tim.o(i.HAL_TIM_IC_Start), (32 bytes).
    Removing stm32f0xx_hal_tim.o(i.HAL_TIM_IC_Start_DMA), (276 bytes).
    Removing stm32f0xx_hal_tim.o(i.HAL_TIM_IC_Start_IT), (110 bytes).
    Removing stm32f0xx_hal_tim.o(i.HAL_TIM_IC_Stop), (64 bytes).
    Removing stm32f0xx_hal_tim.o(i.HAL_TIM_IC_Stop_DMA), (156 bytes).
    Removing stm32f0xx_hal_tim.o(i.HAL_TIM_IC_Stop_IT), (144 bytes).
    Removing stm32f0xx_hal_tim.o(i.HAL_TIM_IRQHandler), (456 bytes).
    Removing stm32f0xx_hal_tim.o(i.HAL_TIM_OC_ConfigChannel), (118 bytes).
    Removing stm32f0xx_hal_tim.o(i.HAL_TIM_OC_DeInit), (80 bytes).
    Removing stm32f0xx_hal_tim.o(i.HAL_TIM_OC_DelayElapsedCallback), (2 bytes).
    Removing stm32f0xx_hal_tim.o(i.HAL_TIM_OC_GetState), (8 bytes).
    Removing stm32f0xx_hal_tim.o(i.HAL_TIM_OC_Init), (56 bytes).
    Removing stm32f0xx_hal_tim.o(i.HAL_TIM_OC_MspDeInit), (2 bytes).
    Removing stm32f0xx_hal_tim.o(i.HAL_TIM_OC_MspInit), (2 bytes).
    Removing stm32f0xx_hal_tim.o(i.HAL_TIM_OC_Start), (104 bytes).
    Removing stm32f0xx_hal_tim.o(i.HAL_TIM_OC_Start_DMA), (348 bytes).
    Removing stm32f0xx_hal_tim.o(i.HAL_TIM_OC_Start_IT), (184 bytes).
    Removing stm32f0xx_hal_tim.o(i.HAL_TIM_OC_Stop), (164 bytes).
    Removing stm32f0xx_hal_tim.o(i.HAL_TIM_OC_Stop_DMA), (256 bytes).
    Removing stm32f0xx_hal_tim.o(i.HAL_TIM_OC_Stop_IT), (244 bytes).
    Removing stm32f0xx_hal_tim.o(i.HAL_TIM_OnePulse_ConfigChannel), (298 bytes).
    Removing stm32f0xx_hal_tim.o(i.HAL_TIM_OnePulse_DeInit), (80 bytes).
    Removing stm32f0xx_hal_tim.o(i.HAL_TIM_OnePulse_GetState), (8 bytes).
    Removing stm32f0xx_hal_tim.o(i.HAL_TIM_OnePulse_Init), (80 bytes).
    Removing stm32f0xx_hal_tim.o(i.HAL_TIM_OnePulse_MspDeInit), (2 bytes).
    Removing stm32f0xx_hal_tim.o(i.HAL_TIM_OnePulse_MspInit), (2 bytes).
    Removing stm32f0xx_hal_tim.o(i.HAL_TIM_OnePulse_Start), (104 bytes).
    Removing stm32f0xx_hal_tim.o(i.HAL_TIM_OnePulse_Start_IT), (128 bytes).
    Removing stm32f0xx_hal_tim.o(i.HAL_TIM_OnePulse_Stop), (176 bytes).
    Removing stm32f0xx_hal_tim.o(i.HAL_TIM_OnePulse_Stop_IT), (200 bytes).
    Removing stm32f0xx_hal_tim.o(i.HAL_TIM_PWM_ConfigChannel), (274 bytes).
    Removing stm32f0xx_hal_tim.o(i.HAL_TIM_PWM_DeInit), (80 bytes).
    Removing stm32f0xx_hal_tim.o(i.HAL_TIM_PWM_GetState), (8 bytes).
    Removing stm32f0xx_hal_tim.o(i.HAL_TIM_PWM_Init), (56 bytes).
    Removing stm32f0xx_hal_tim.o(i.HAL_TIM_PWM_MspDeInit), (2 bytes).
    Removing stm32f0xx_hal_tim.o(i.HAL_TIM_PWM_MspInit), (2 bytes).
    Removing stm32f0xx_hal_tim.o(i.HAL_TIM_PWM_PulseFinishedCallback), (2 bytes).
    Removing stm32f0xx_hal_tim.o(i.HAL_TIM_PWM_Start), (104 bytes).
    Removing stm32f0xx_hal_tim.o(i.HAL_TIM_PWM_Start_DMA), (348 bytes).
    Removing stm32f0xx_hal_tim.o(i.HAL_TIM_PWM_Start_IT), (184 bytes).
    Removing stm32f0xx_hal_tim.o(i.HAL_TIM_PWM_Stop), (172 bytes).
    Removing stm32f0xx_hal_tim.o(i.HAL_TIM_PWM_Stop_DMA), (256 bytes).
    Removing stm32f0xx_hal_tim.o(i.HAL_TIM_PWM_Stop_IT), (244 bytes).
    Removing stm32f0xx_hal_tim.o(i.HAL_TIM_PeriodElapsedCallback), (2 bytes).
    Removing stm32f0xx_hal_tim.o(i.HAL_TIM_ReadCapturedValue), (88 bytes).
    Removing stm32f0xx_hal_tim.o(i.HAL_TIM_SlaveConfigSynchronization), (88 bytes).
    Removing stm32f0xx_hal_tim.o(i.HAL_TIM_SlaveConfigSynchronization_IT), (88 bytes).
    Removing stm32f0xx_hal_tim.o(i.HAL_TIM_TriggerCallback), (2 bytes).
    Removing stm32f0xx_hal_tim.o(i.TIM_DMACaptureCplt), (70 bytes).
    Removing stm32f0xx_hal_tim.o(i.TIM_DMADelayPulseCplt), (70 bytes).
    Removing stm32f0xx_hal_tim.o(i.TIM_DMAError), (20 bytes).
    Removing stm32f0xx_hal_tim.o(i.TIM_DMAPeriodElapsedCplt), (20 bytes).
    Removing stm32f0xx_hal_tim.o(i.TIM_DMATriggerCplt), (20 bytes).
    Removing stm32f0xx_hal_tim.o(i.TIM_OC1_SetConfig), (180 bytes).
    Removing stm32f0xx_hal_tim.o(i.TIM_OC2_SetConfig), (200 bytes).
    Removing stm32f0xx_hal_tim.o(i.TIM_OC3_SetConfig), (196 bytes).
    Removing stm32f0xx_hal_tim.o(i.TIM_OC4_SetConfig), (136 bytes).
    Removing stm32f0xx_hal_tim.o(i.TIM_SlaveTimer_SetConfig), (172 bytes).
    Removing stm32f0xx_hal_tim.o(i.TIM_TI1_SetConfig), (120 bytes).
    Removing stm32f0xx_hal_tim.o(i.TIM_TI2_SetConfig), (76 bytes).
    Removing stm32f0xx_hal_tim.o(i.TIM_TI3_SetConfig), (74 bytes).
    Removing stm32f0xx_hal_tim.o(i.TIM_TI4_SetConfig), (82 bytes).
    Removing stm32f0xx_hal_tim_ex.o(.rev16_text), (4 bytes).
    Removing stm32f0xx_hal_tim_ex.o(.revsh_text), (4 bytes).
    Removing stm32f0xx_hal_tim_ex.o(i.HAL_TIMEx_BreakCallback), (2 bytes).
    Removing stm32f0xx_hal_tim_ex.o(i.HAL_TIMEx_CommutationCallback), (2 bytes).
    Removing stm32f0xx_hal_tim_ex.o(i.HAL_TIMEx_ConfigBreakDeadTime), (166 bytes).
    Removing stm32f0xx_hal_tim_ex.o(i.HAL_TIMEx_ConfigCommutationEvent), (112 bytes).
    Removing stm32f0xx_hal_tim_ex.o(i.HAL_TIMEx_ConfigCommutationEvent_DMA), (148 bytes).
    Removing stm32f0xx_hal_tim_ex.o(i.HAL_TIMEx_ConfigCommutationEvent_IT), (124 bytes).
    Removing stm32f0xx_hal_tim_ex.o(i.HAL_TIMEx_HallSensor_DeInit), (80 bytes).
    Removing stm32f0xx_hal_tim_ex.o(i.HAL_TIMEx_HallSensor_GetState), (8 bytes).
    Removing stm32f0xx_hal_tim_ex.o(i.HAL_TIMEx_HallSensor_Init), (212 bytes).
    Removing stm32f0xx_hal_tim_ex.o(i.HAL_TIMEx_HallSensor_MspDeInit), (2 bytes).
    Removing stm32f0xx_hal_tim_ex.o(i.HAL_TIMEx_HallSensor_MspInit), (2 bytes).
    Removing stm32f0xx_hal_tim_ex.o(i.HAL_TIMEx_HallSensor_Start), (30 bytes).
    Removing stm32f0xx_hal_tim_ex.o(i.HAL_TIMEx_HallSensor_Start_DMA), (120 bytes).
    Removing stm32f0xx_hal_tim_ex.o(i.HAL_TIMEx_HallSensor_Stop), (64 bytes).
    Removing stm32f0xx_hal_tim_ex.o(i.HAL_TIMEx_HallSensor_Stop_DMA), (76 bytes).
    Removing stm32f0xx_hal_tim_ex.o(i.HAL_TIMEx_HallSensor_Stop_IT), (76 bytes).
    Removing stm32f0xx_hal_tim_ex.o(i.HAL_TIMEx_OCN_Start), (46 bytes).
    Removing stm32f0xx_hal_tim_ex.o(i.HAL_TIMEx_OCN_Start_DMA), (292 bytes).
    Removing stm32f0xx_hal_tim_ex.o(i.HAL_TIMEx_OCN_Start_IT), (136 bytes).
    Removing stm32f0xx_hal_tim_ex.o(i.HAL_TIMEx_OCN_Stop), (108 bytes).
    Removing stm32f0xx_hal_tim_ex.o(i.HAL_TIMEx_OCN_Stop_DMA), (200 bytes).
    Removing stm32f0xx_hal_tim_ex.o(i.HAL_TIMEx_OCN_Stop_IT), (216 bytes).
    Removing stm32f0xx_hal_tim_ex.o(i.HAL_TIMEx_OnePulseN_Start), (34 bytes).
    Removing stm32f0xx_hal_tim_ex.o(i.HAL_TIMEx_OnePulseN_Start_IT), (58 bytes).
    Removing stm32f0xx_hal_tim_ex.o(i.HAL_TIMEx_OnePulseN_Stop), (108 bytes).
    Removing stm32f0xx_hal_tim_ex.o(i.HAL_TIMEx_OnePulseN_Stop_IT), (132 bytes).
    Removing stm32f0xx_hal_tim_ex.o(i.HAL_TIMEx_PWMN_Start), (46 bytes).
    Removing stm32f0xx_hal_tim_ex.o(i.HAL_TIMEx_PWMN_Start_DMA), (292 bytes).
    Removing stm32f0xx_hal_tim_ex.o(i.HAL_TIMEx_PWMN_Start_IT), (136 bytes).
    Removing stm32f0xx_hal_tim_ex.o(i.HAL_TIMEx_PWMN_Stop), (108 bytes).
    Removing stm32f0xx_hal_tim_ex.o(i.HAL_TIMEx_PWMN_Stop_DMA), (200 bytes).
    Removing stm32f0xx_hal_tim_ex.o(i.HAL_TIMEx_PWMN_Stop_IT), (216 bytes).
    Removing stm32f0xx_hal_tim_ex.o(i.HAL_TIMEx_RemapConfig), (46 bytes).
    Removing stm32f0xx_hal_tim_ex.o(i.HAL_TIM_ConfigOCrefClear), (314 bytes).
    Removing stm32f0xx_hal_tim_ex.o(i.TIMEx_DMACommutationCplt), (20 bytes).
    Removing stm32f0xx_hal_tim_ex.o(i.TIM_CCxNChannelCmd), (28 bytes).
    Removing stm32f0xx_hal_rcc.o(.rev16_text), (4 bytes).
    Removing stm32f0xx_hal_rcc.o(.revsh_text), (4 bytes).
    Removing stm32f0xx_hal_rcc.o(i.HAL_RCC_CSSCallback), (2 bytes).
    Removing stm32f0xx_hal_rcc.o(i.HAL_RCC_DeInit), (88 bytes).
    Removing stm32f0xx_hal_rcc.o(i.HAL_RCC_DisableCSS), (20 bytes).
    Removing stm32f0xx_hal_rcc.o(i.HAL_RCC_EnableCSS), (20 bytes).
    Removing stm32f0xx_hal_rcc.o(i.HAL_RCC_GetClockConfig), (56 bytes).
    Removing stm32f0xx_hal_rcc.o(i.HAL_RCC_GetOscConfig), (244 bytes).
    Removing stm32f0xx_hal_rcc.o(i.HAL_RCC_GetPCLK1Freq), (36 bytes).
    Removing stm32f0xx_hal_rcc.o(i.HAL_RCC_MCOConfig), (100 bytes).
    Removing stm32f0xx_hal_rcc.o(i.HAL_RCC_NMI_IRQHandler), (32 bytes).
    Removing stm32f0xx_hal_rcc_ex.o(.rev16_text), (4 bytes).
    Removing stm32f0xx_hal_rcc_ex.o(.revsh_text), (4 bytes).
    Removing stm32f0xx_hal_rcc_ex.o(i.HAL_RCCEx_GetPeriphCLKConfig), (64 bytes).
    Removing stm32f0xx_hal_rcc_ex.o(i.HAL_RCCEx_GetPeriphCLKFreq), (308 bytes).
    Removing stm32f0xx_hal_rcc_ex.o(i.HAL_RCCEx_PeriphCLKConfig), (364 bytes).
    Removing stm32f0xx_hal.o(.rev16_text), (4 bytes).
    Removing stm32f0xx_hal.o(.revsh_text), (4 bytes).
    Removing stm32f0xx_hal.o(i.HAL_DBGMCU_DisableDBGStandbyMode), (20 bytes).
    Removing stm32f0xx_hal.o(i.HAL_DBGMCU_DisableDBGStopMode), (20 bytes).
    Removing stm32f0xx_hal.o(i.HAL_DBGMCU_EnableDBGStandbyMode), (20 bytes).
    Removing stm32f0xx_hal.o(i.HAL_DBGMCU_EnableDBGStopMode), (20 bytes).
    Removing stm32f0xx_hal.o(i.HAL_DeInit), (44 bytes).
    Removing stm32f0xx_hal.o(i.HAL_GetDEVID), (16 bytes).
    Removing stm32f0xx_hal.o(i.HAL_GetHalVersion), (8 bytes).
    Removing stm32f0xx_hal.o(i.HAL_GetREVID), (12 bytes).
    Removing stm32f0xx_hal.o(i.HAL_GetUIDw0), (12 bytes).
    Removing stm32f0xx_hal.o(i.HAL_GetUIDw1), (12 bytes).
    Removing stm32f0xx_hal.o(i.HAL_GetUIDw2), (12 bytes).
    Removing stm32f0xx_hal.o(i.HAL_MspDeInit), (2 bytes).
    Removing stm32f0xx_hal.o(i.HAL_MspInit), (2 bytes).
    Removing stm32f0xx_hal.o(i.HAL_ResumeTick), (20 bytes).
    Removing stm32f0xx_hal.o(i.HAL_SuspendTick), (20 bytes).
    Removing stm32f0xx_hal_i2c.o(.rev16_text), (4 bytes).
    Removing stm32f0xx_hal_i2c.o(.revsh_text), (4 bytes).
    Removing stm32f0xx_hal_i2c.o(i.HAL_I2C_AbortCpltCallback), (2 bytes).
    Removing stm32f0xx_hal_i2c.o(i.HAL_I2C_AddrCallback), (2 bytes).
    Removing stm32f0xx_hal_i2c.o(i.HAL_I2C_DeInit), (66 bytes).
    Removing stm32f0xx_hal_i2c.o(i.HAL_I2C_DisableListen_IT), (60 bytes).
    Removing stm32f0xx_hal_i2c.o(i.HAL_I2C_ER_IRQHandler), (128 bytes).
    Removing stm32f0xx_hal_i2c.o(i.HAL_I2C_EV_IRQHandler), (30 bytes).
    Removing stm32f0xx_hal_i2c.o(i.HAL_I2C_EnableListen_IT), (44 bytes).
    Removing stm32f0xx_hal_i2c.o(i.HAL_I2C_ErrorCallback), (2 bytes).
    Removing stm32f0xx_hal_i2c.o(i.HAL_I2C_GetError), (6 bytes).
    Removing stm32f0xx_hal_i2c.o(i.HAL_I2C_GetMode), (8 bytes).
    Removing stm32f0xx_hal_i2c.o(i.HAL_I2C_GetState), (8 bytes).
    Removing stm32f0xx_hal_i2c.o(i.HAL_I2C_Init), (212 bytes).
    Removing stm32f0xx_hal_i2c.o(i.HAL_I2C_IsDeviceReady), (398 bytes).
    Removing stm32f0xx_hal_i2c.o(i.HAL_I2C_ListenCpltCallback), (2 bytes).
    Removing stm32f0xx_hal_i2c.o(i.HAL_I2C_MasterRxCpltCallback), (2 bytes).
    Removing stm32f0xx_hal_i2c.o(i.HAL_I2C_MasterTxCpltCallback), (2 bytes).
    Removing stm32f0xx_hal_i2c.o(i.HAL_I2C_Master_Abort_IT), (102 bytes).
    Removing stm32f0xx_hal_i2c.o(i.HAL_I2C_Master_Receive), (384 bytes).
    Removing stm32f0xx_hal_i2c.o(i.HAL_I2C_Master_Receive_DMA), (300 bytes).
    Removing stm32f0xx_hal_i2c.o(i.HAL_I2C_Master_Receive_IT), (172 bytes).
    Removing stm32f0xx_hal_i2c.o(i.HAL_I2C_Master_Sequential_Receive_IT), (160 bytes).
    Removing stm32f0xx_hal_i2c.o(i.HAL_I2C_Master_Sequential_Transmit_IT), (160 bytes).
    Removing stm32f0xx_hal_i2c.o(i.HAL_I2C_Master_Transmit), (380 bytes).
    Removing stm32f0xx_hal_i2c.o(i.HAL_I2C_Master_Transmit_DMA), (300 bytes).
    Removing stm32f0xx_hal_i2c.o(i.HAL_I2C_Master_Transmit_IT), (172 bytes).
    Removing stm32f0xx_hal_i2c.o(i.HAL_I2C_MemRxCpltCallback), (2 bytes).
    Removing stm32f0xx_hal_i2c.o(i.HAL_I2C_MemTxCpltCallback), (2 bytes).
    Removing stm32f0xx_hal_i2c.o(i.HAL_I2C_Mem_Read), (452 bytes).
    Removing stm32f0xx_hal_i2c.o(i.HAL_I2C_Mem_Read_DMA), (320 bytes).
    Removing stm32f0xx_hal_i2c.o(i.HAL_I2C_Mem_Read_IT), (256 bytes).
    Removing stm32f0xx_hal_i2c.o(i.HAL_I2C_Mem_Write), (452 bytes).
    Removing stm32f0xx_hal_i2c.o(i.HAL_I2C_Mem_Write_DMA), (320 bytes).
    Removing stm32f0xx_hal_i2c.o(i.HAL_I2C_Mem_Write_IT), (252 bytes).
    Removing stm32f0xx_hal_i2c.o(i.HAL_I2C_MspDeInit), (2 bytes).
    Removing stm32f0xx_hal_i2c.o(i.HAL_I2C_MspInit), (2 bytes).
    Removing stm32f0xx_hal_i2c.o(i.HAL_I2C_SlaveRxCpltCallback), (2 bytes).
    Removing stm32f0xx_hal_i2c.o(i.HAL_I2C_SlaveTxCpltCallback), (2 bytes).
    Removing stm32f0xx_hal_i2c.o(i.HAL_I2C_Slave_Receive), (406 bytes).
    Removing stm32f0xx_hal_i2c.o(i.HAL_I2C_Slave_Receive_DMA), (192 bytes).
    Removing stm32f0xx_hal_i2c.o(i.HAL_I2C_Slave_Receive_IT), (116 bytes).
    Removing stm32f0xx_hal_i2c.o(i.HAL_I2C_Slave_Sequential_Receive_IT), (172 bytes).
    Removing stm32f0xx_hal_i2c.o(i.HAL_I2C_Slave_Sequential_Transmit_IT), (176 bytes).
    Removing stm32f0xx_hal_i2c.o(i.HAL_I2C_Slave_Transmit), (422 bytes).
    Removing stm32f0xx_hal_i2c.o(i.HAL_I2C_Slave_Transmit_DMA), (192 bytes).
    Removing stm32f0xx_hal_i2c.o(i.HAL_I2C_Slave_Transmit_IT), (116 bytes).
    Removing stm32f0xx_hal_i2c.o(i.I2C_DMAAbort), (60 bytes).
    Removing stm32f0xx_hal_i2c.o(i.I2C_DMAError), (30 bytes).
    Removing stm32f0xx_hal_i2c.o(i.I2C_DMAMasterReceiveCplt), (86 bytes).
    Removing stm32f0xx_hal_i2c.o(i.I2C_DMAMasterTransmitCplt), (86 bytes).
    Removing stm32f0xx_hal_i2c.o(i.I2C_DMASlaveReceiveCplt), (2 bytes).
    Removing stm32f0xx_hal_i2c.o(i.I2C_DMASlaveTransmitCplt), (2 bytes).
    Removing stm32f0xx_hal_i2c.o(i.I2C_Disable_IRQ), (126 bytes).
    Removing stm32f0xx_hal_i2c.o(i.I2C_Enable_IRQ), (144 bytes).
    Removing stm32f0xx_hal_i2c.o(i.I2C_Flush_TXDR), (50 bytes).
    Removing stm32f0xx_hal_i2c.o(i.I2C_ITAddrCplt), (214 bytes).
    Removing stm32f0xx_hal_i2c.o(i.I2C_ITError), (280 bytes).
    Removing stm32f0xx_hal_i2c.o(i.I2C_ITListenCplt), (116 bytes).
    Removing stm32f0xx_hal_i2c.o(i.I2C_ITMasterCplt), (236 bytes).
    Removing stm32f0xx_hal_i2c.o(i.I2C_ITMasterSequentialCplt), (98 bytes).
    Removing stm32f0xx_hal_i2c.o(i.I2C_ITSlaveCplt), (316 bytes).
    Removing stm32f0xx_hal_i2c.o(i.I2C_ITSlaveSequentialCplt), (98 bytes).
    Removing stm32f0xx_hal_i2c.o(i.I2C_IsAcknowledgeFailed), (148 bytes).
    Removing stm32f0xx_hal_i2c.o(i.I2C_Master_ISR_DMA), (266 bytes).
    Removing stm32f0xx_hal_i2c.o(i.I2C_Master_ISR_IT), (428 bytes).
    Removing stm32f0xx_hal_i2c.o(i.I2C_RequestMemoryRead), (146 bytes).
    Removing stm32f0xx_hal_i2c.o(i.I2C_RequestMemoryWrite), (146 bytes).
    Removing stm32f0xx_hal_i2c.o(i.I2C_Slave_ISR_DMA), (158 bytes).
    Removing stm32f0xx_hal_i2c.o(i.I2C_Slave_ISR_IT), (352 bytes).
    Removing stm32f0xx_hal_i2c.o(i.I2C_TransferConfig), (48 bytes).
    Removing stm32f0xx_hal_i2c.o(i.I2C_WaitOnFlagUntilTimeout), (82 bytes).
    Removing stm32f0xx_hal_i2c.o(i.I2C_WaitOnRXNEFlagUntilTimeout), (152 bytes).
    Removing stm32f0xx_hal_i2c.o(i.I2C_WaitOnSTOPFlagUntilTimeout), (90 bytes).
    Removing stm32f0xx_hal_i2c.o(i.I2C_WaitOnTXISFlagUntilTimeout), (96 bytes).
    Removing stm32f0xx_hal_i2c_ex.o(.rev16_text), (4 bytes).
    Removing stm32f0xx_hal_i2c_ex.o(.revsh_text), (4 bytes).
    Removing stm32f0xx_hal_i2c_ex.o(i.HAL_I2CEx_ConfigAnalogFilter), (110 bytes).
    Removing stm32f0xx_hal_i2c_ex.o(i.HAL_I2CEx_ConfigDigitalFilter), (114 bytes).
    Removing stm32f0xx_hal_i2c_ex.o(i.HAL_I2CEx_DisableFastModePlus), (52 bytes).
    Removing stm32f0xx_hal_i2c_ex.o(i.HAL_I2CEx_DisableWakeUp), (100 bytes).
    Removing stm32f0xx_hal_i2c_ex.o(i.HAL_I2CEx_EnableFastModePlus), (52 bytes).
    Removing stm32f0xx_hal_i2c_ex.o(i.HAL_I2CEx_EnableWakeUp), (100 bytes).
    Removing stm32f0xx_hal_gpio.o(.rev16_text), (4 bytes).
    Removing stm32f0xx_hal_gpio.o(.revsh_text), (4 bytes).
    Removing stm32f0xx_hal_gpio.o(i.HAL_GPIO_DeInit), (268 bytes).
    Removing stm32f0xx_hal_gpio.o(i.HAL_GPIO_EXTI_Callback), (2 bytes).
    Removing stm32f0xx_hal_gpio.o(i.HAL_GPIO_LockPin), (50 bytes).
    Removing stm32f0xx_hal_gpio.o(i.HAL_GPIO_TogglePin), (8 bytes).
    Removing stm32f0xx_hal_dma.o(.rev16_text), (4 bytes).
    Removing stm32f0xx_hal_dma.o(.revsh_text), (4 bytes).
    Removing stm32f0xx_hal_dma.o(i.DMA_CalcBaseAndBitshift), (32 bytes).
    Removing stm32f0xx_hal_dma.o(i.DMA_SetConfig), (42 bytes).
    Removing stm32f0xx_hal_dma.o(i.HAL_DMA_Abort), (56 bytes).
    Removing stm32f0xx_hal_dma.o(i.HAL_DMA_Abort_IT), (88 bytes).
    Removing stm32f0xx_hal_dma.o(i.HAL_DMA_DeInit), (80 bytes).
    Removing stm32f0xx_hal_dma.o(i.HAL_DMA_GetError), (6 bytes).
    Removing stm32f0xx_hal_dma.o(i.HAL_DMA_GetState), (8 bytes).
    Removing stm32f0xx_hal_dma.o(i.HAL_DMA_IRQHandler), (240 bytes).
    Removing stm32f0xx_hal_dma.o(i.HAL_DMA_Init), (100 bytes).
    Removing stm32f0xx_hal_dma.o(i.HAL_DMA_PollForTransfer), (236 bytes).
    Removing stm32f0xx_hal_dma.o(i.HAL_DMA_RegisterCallback), (92 bytes).
    Removing stm32f0xx_hal_dma.o(i.HAL_DMA_Start), (110 bytes).
    Removing stm32f0xx_hal_dma.o(i.HAL_DMA_Start_IT), (154 bytes).
    Removing stm32f0xx_hal_dma.o(i.HAL_DMA_UnRegisterCallback), (108 bytes).
    Removing stm32f0xx_hal_cortex.o(.rev16_text), (4 bytes).
    Removing stm32f0xx_hal_cortex.o(.revsh_text), (4 bytes).
    Removing stm32f0xx_hal_cortex.o(i.HAL_NVIC_ClearPendingIRQ), (24 bytes).
    Removing stm32f0xx_hal_cortex.o(i.HAL_NVIC_DisableIRQ), (24 bytes).
    Removing stm32f0xx_hal_cortex.o(i.HAL_NVIC_GetPendingIRQ), (40 bytes).
    Removing stm32f0xx_hal_cortex.o(i.HAL_NVIC_GetPriority), (72 bytes).
    Removing stm32f0xx_hal_cortex.o(i.HAL_NVIC_SetPendingIRQ), (24 bytes).
    Removing stm32f0xx_hal_cortex.o(i.HAL_NVIC_SystemReset), (56 bytes).
    Removing stm32f0xx_hal_cortex.o(i.HAL_SYSTICK_CLKSourceConfig), (36 bytes).
    Removing stm32f0xx_hal_cortex.o(i.HAL_SYSTICK_Callback), (2 bytes).
    Removing stm32f0xx_hal_cortex.o(i.HAL_SYSTICK_IRQHandler), (8 bytes).
    Removing stm32f0xx_hal_pwr.o(.rev16_text), (4 bytes).
    Removing stm32f0xx_hal_pwr.o(.revsh_text), (4 bytes).
    Removing stm32f0xx_hal_pwr.o(i.HAL_PWR_DeInit), (32 bytes).
    Removing stm32f0xx_hal_pwr.o(i.HAL_PWR_DisableBkUpAccess), (20 bytes).
    Removing stm32f0xx_hal_pwr.o(i.HAL_PWR_DisableSEVOnPend), (20 bytes).
    Removing stm32f0xx_hal_pwr.o(i.HAL_PWR_DisableSleepOnExit), (20 bytes).
    Removing stm32f0xx_hal_pwr.o(i.HAL_PWR_DisableWakeUpPin), (16 bytes).
    Removing stm32f0xx_hal_pwr.o(i.HAL_PWR_EnableBkUpAccess), (20 bytes).
    Removing stm32f0xx_hal_pwr.o(i.HAL_PWR_EnableSEVOnPend), (20 bytes).
    Removing stm32f0xx_hal_pwr.o(i.HAL_PWR_EnableSleepOnExit), (20 bytes).
    Removing stm32f0xx_hal_pwr.o(i.HAL_PWR_EnableWakeUpPin), (16 bytes).
    Removing stm32f0xx_hal_pwr.o(i.HAL_PWR_EnterSLEEPMode), (32 bytes).
    Removing stm32f0xx_hal_pwr.o(i.HAL_PWR_EnterSTANDBYMode), (40 bytes).
    Removing stm32f0xx_hal_pwr.o(i.HAL_PWR_EnterSTOPMode), (72 bytes).
    Removing stm32f0xx_hal_pwr_ex.o(.rev16_text), (4 bytes).
    Removing stm32f0xx_hal_pwr_ex.o(.revsh_text), (4 bytes).
    Removing stm32f0xx_hal_pwr_ex.o(i.HAL_PWR_ConfigPVD), (176 bytes).
    Removing stm32f0xx_hal_pwr_ex.o(i.HAL_PWR_DisablePVD), (20 bytes).
    Removing stm32f0xx_hal_pwr_ex.o(i.HAL_PWR_EnablePVD), (20 bytes).
    Removing stm32f0xx_hal_pwr_ex.o(i.HAL_PWR_PVDCallback), (2 bytes).
    Removing stm32f0xx_hal_pwr_ex.o(i.HAL_PWR_PVD_IRQHandler), (36 bytes).
    Removing stm32f0xx_hal_flash.o(.rev16_text), (4 bytes).
    Removing stm32f0xx_hal_flash.o(.revsh_text), (4 bytes).
    Removing stm32f0xx_hal_flash.o(i.FLASH_Program_HalfWord), (32 bytes).
    Removing stm32f0xx_hal_flash.o(i.FLASH_SetErrorCode), (72 bytes).
    Removing stm32f0xx_hal_flash.o(i.FLASH_WaitForLastOperation), (104 bytes).
    Removing stm32f0xx_hal_flash.o(i.HAL_FLASH_EndOfOperationCallback), (2 bytes).
    Removing stm32f0xx_hal_flash.o(i.HAL_FLASH_GetError), (12 bytes).
    Removing stm32f0xx_hal_flash.o(i.HAL_FLASH_IRQHandler), (396 bytes).
    Removing stm32f0xx_hal_flash.o(i.HAL_FLASH_Lock), (20 bytes).
    Removing stm32f0xx_hal_flash.o(i.HAL_FLASH_OB_Launch), (32 bytes).
    Removing stm32f0xx_hal_flash.o(i.HAL_FLASH_OB_Lock), (24 bytes).
    Removing stm32f0xx_hal_flash.o(i.HAL_FLASH_OB_Unlock), (48 bytes).
    Removing stm32f0xx_hal_flash.o(i.HAL_FLASH_OperationErrorCallback), (2 bytes).
    Removing stm32f0xx_hal_flash.o(i.HAL_FLASH_Program), (188 bytes).
    Removing stm32f0xx_hal_flash.o(i.HAL_FLASH_Program_IT), (120 bytes).
    Removing stm32f0xx_hal_flash.o(i.HAL_FLASH_Unlock), (44 bytes).
    Removing stm32f0xx_hal_flash.o(.bss), (32 bytes).
    Removing stm32f0xx_hal_flash_ex.o(.rev16_text), (4 bytes).
    Removing stm32f0xx_hal_flash_ex.o(.revsh_text), (4 bytes).
    Removing stm32f0xx_hal_flash_ex.o(i.FLASH_MassErase), (40 bytes).
    Removing stm32f0xx_hal_flash_ex.o(i.FLASH_OB_DisableWRP), (148 bytes).
    Removing stm32f0xx_hal_flash_ex.o(i.FLASH_OB_EnableWRP), (152 bytes).
    Removing stm32f0xx_hal_flash_ex.o(i.FLASH_OB_GetRDP), (36 bytes).
    Removing stm32f0xx_hal_flash_ex.o(i.FLASH_OB_GetUser), (20 bytes).
    Removing stm32f0xx_hal_flash_ex.o(i.FLASH_OB_GetWRP), (12 bytes).
    Removing stm32f0xx_hal_flash_ex.o(i.FLASH_OB_ProgramData), (76 bytes).
    Removing stm32f0xx_hal_flash_ex.o(i.FLASH_OB_RDP_LevelConfig), (128 bytes).
    Removing stm32f0xx_hal_flash_ex.o(i.FLASH_OB_UserConfig), (84 bytes).
    Removing stm32f0xx_hal_flash_ex.o(i.FLASH_PageErase), (44 bytes).
    Removing stm32f0xx_hal_flash_ex.o(i.HAL_FLASHEx_Erase), (172 bytes).
    Removing stm32f0xx_hal_flash_ex.o(i.HAL_FLASHEx_Erase_IT), (104 bytes).
    Removing stm32f0xx_hal_flash_ex.o(i.HAL_FLASHEx_OBErase), (100 bytes).
    Removing stm32f0xx_hal_flash_ex.o(i.HAL_FLASHEx_OBGetConfig), (28 bytes).
    Removing stm32f0xx_hal_flash_ex.o(i.HAL_FLASHEx_OBGetUserData), (40 bytes).
    Removing stm32f0xx_hal_flash_ex.o(i.HAL_FLASHEx_OBProgram), (208 bytes).
    Removing system_stm32f0xx.o(.rev16_text), (4 bytes).
    Removing system_stm32f0xx.o(.revsh_text), (4 bytes).
    Removing system_stm32f0xx.o(i.SystemCoreClockUpdate), (176 bytes).
    Removing stm32f0xx_hal_tim.o(i.__ARM_common_switch8), (28 bytes).

383 unused section(s) (total 36152 bytes) removed from the image.

==============================================================================

Image Symbol Table

    Local Symbols

    Symbol Name                              Value     Ov Type        Size  Object(Section)

    ../Drivers/STM32F0xx_HAL_Driver/Src/stm32f0xx_hal.c 0x00000000   Number         0  stm32f0xx_hal.o ABSOLUTE
    ../Drivers/STM32F0xx_HAL_Driver/Src/stm32f0xx_hal_adc.c 0x00000000   Number         0  stm32f0xx_hal_adc.o ABSOLUTE
    ../Drivers/STM32F0xx_HAL_Driver/Src/stm32f0xx_hal_adc_ex.c 0x00000000   Number         0  stm32f0xx_hal_adc_ex.o ABSOLUTE
    ../Drivers/STM32F0xx_HAL_Driver/Src/stm32f0xx_hal_cortex.c 0x00000000   Number         0  stm32f0xx_hal_cortex.o ABSOLUTE
    ../Drivers/STM32F0xx_HAL_Driver/Src/stm32f0xx_hal_dma.c 0x00000000   Number         0  stm32f0xx_hal_dma.o ABSOLUTE
    ../Drivers/STM32F0xx_HAL_Driver/Src/stm32f0xx_hal_flash.c 0x00000000   Number         0  stm32f0xx_hal_flash.o ABSOLUTE
    ../Drivers/STM32F0xx_HAL_Driver/Src/stm32f0xx_hal_flash_ex.c 0x00000000   Number         0  stm32f0xx_hal_flash_ex.o ABSOLUTE
    ../Drivers/STM32F0xx_HAL_Driver/Src/stm32f0xx_hal_gpio.c 0x00000000   Number         0  stm32f0xx_hal_gpio.o ABSOLUTE
    ../Drivers/STM32F0xx_HAL_Driver/Src/stm32f0xx_hal_i2c.c 0x00000000   Number         0  stm32f0xx_hal_i2c.o ABSOLUTE
    ../Drivers/STM32F0xx_HAL_Driver/Src/stm32f0xx_hal_i2c_ex.c 0x00000000   Number         0  stm32f0xx_hal_i2c_ex.o ABSOLUTE
    ../Drivers/STM32F0xx_HAL_Driver/Src/stm32f0xx_hal_pwr.c 0x00000000   Number         0  stm32f0xx_hal_pwr.o ABSOLUTE
    ../Drivers/STM32F0xx_HAL_Driver/Src/stm32f0xx_hal_pwr_ex.c 0x00000000   Number         0  stm32f0xx_hal_pwr_ex.o ABSOLUTE
    ../Drivers/STM32F0xx_HAL_Driver/Src/stm32f0xx_hal_rcc.c 0x00000000   Number         0  stm32f0xx_hal_rcc.o ABSOLUTE
    ../Drivers/STM32F0xx_HAL_Driver/Src/stm32f0xx_hal_rcc_ex.c 0x00000000   Number         0  stm32f0xx_hal_rcc_ex.o ABSOLUTE
    ../Drivers/STM32F0xx_HAL_Driver/Src/stm32f0xx_hal_tim.c 0x00000000   Number         0  stm32f0xx_hal_tim.o ABSOLUTE
    ../Drivers/STM32F0xx_HAL_Driver/Src/stm32f0xx_hal_tim_ex.c 0x00000000   Number         0  stm32f0xx_hal_tim_ex.o ABSOLUTE
    ../Src/main.c                            0x00000000   Number         0  main.o ABSOLUTE
    ../Src/stm32f0xx_hal_msp.c               0x00000000   Number         0  stm32f0xx_hal_msp.o ABSOLUTE
    ../Src/stm32f0xx_it.c                    0x00000000   Number         0  stm32f0xx_it.o ABSOLUTE
    ../Src/system_stm32f0xx.c                0x00000000   Number         0  system_stm32f0xx.o ABSOLUTE
    ../clib/microlib/division.c              0x00000000   Number         0  uidiv.o ABSOLUTE
    ../clib/microlib/init/entry.s            0x00000000   Number         0  entry.o ABSOLUTE
    ../clib/microlib/init/entry.s            0x00000000   Number         0  entry8b.o ABSOLUTE
    ../clib/microlib/init/entry.s            0x00000000   Number         0  entry11b.o ABSOLUTE
    ../clib/microlib/init/entry.s            0x00000000   Number         0  entry11a.o ABSOLUTE
    ../clib/microlib/init/entry.s            0x00000000   Number         0  entry10b.o ABSOLUTE
    ../clib/microlib/init/entry.s            0x00000000   Number         0  entry10a.o ABSOLUTE
    ../clib/microlib/init/entry.s            0x00000000   Number         0  entry9b.o ABSOLUTE
    ../clib/microlib/init/entry.s            0x00000000   Number         0  entry9a.o ABSOLUTE
    ../clib/microlib/init/entry.s            0x00000000   Number         0  entry2.o ABSOLUTE
    ../clib/microlib/init/entry.s            0x00000000   Number         0  entry8a.o ABSOLUTE
    ../clib/microlib/init/entry.s            0x00000000   Number         0  entry7b.o ABSOLUTE
    ../clib/microlib/init/entry.s            0x00000000   Number         0  entry7a.o ABSOLUTE
    ../clib/microlib/init/entry.s            0x00000000   Number         0  entry5.o ABSOLUTE
    ../clib/microlib/longlong.c              0x00000000   Number         0  llushr.o ABSOLUTE
    ../clib/microlib/string/memset.c         0x00000000   Number         0  memseta.o ABSOLUTE
    ..\Drivers\STM32F0xx_HAL_Driver\Src\stm32f0xx_hal.c 0x00000000   Number         0  stm32f0xx_hal.o ABSOLUTE
    ..\Drivers\STM32F0xx_HAL_Driver\Src\stm32f0xx_hal_adc.c 0x00000000   Number         0  stm32f0xx_hal_adc.o ABSOLUTE
    ..\Drivers\STM32F0xx_HAL_Driver\Src\stm32f0xx_hal_adc_ex.c 0x00000000   Number         0  stm32f0xx_hal_adc_ex.o ABSOLUTE
    ..\Drivers\STM32F0xx_HAL_Driver\Src\stm32f0xx_hal_cortex.c 0x00000000   Number         0  stm32f0xx_hal_cortex.o ABSOLUTE
    ..\Drivers\STM32F0xx_HAL_Driver\Src\stm32f0xx_hal_dma.c 0x00000000   Number         0  stm32f0xx_hal_dma.o ABSOLUTE
    ..\Drivers\STM32F0xx_HAL_Driver\Src\stm32f0xx_hal_flash.c 0x00000000   Number         0  stm32f0xx_hal_flash.o ABSOLUTE
    ..\Drivers\STM32F0xx_HAL_Driver\Src\stm32f0xx_hal_flash_ex.c 0x00000000   Number         0  stm32f0xx_hal_flash_ex.o ABSOLUTE
    ..\Drivers\STM32F0xx_HAL_Driver\Src\stm32f0xx_hal_gpio.c 0x00000000   Number         0  stm32f0xx_hal_gpio.o ABSOLUTE
    ..\Drivers\STM32F0xx_HAL_Driver\Src\stm32f0xx_hal_i2c.c 0x00000000   Number         0  stm32f0xx_hal_i2c.o ABSOLUTE
    ..\Drivers\STM32F0xx_HAL_Driver\Src\stm32f0xx_hal_i2c_ex.c 0x00000000   Number         0  stm32f0xx_hal_i2c_ex.o ABSOLUTE
    ..\Drivers\STM32F0xx_HAL_Driver\Src\stm32f0xx_hal_pwr.c 0x00000000   Number         0  stm32f0xx_hal_pwr.o ABSOLUTE
    ..\Drivers\STM32F0xx_HAL_Driver\Src\stm32f0xx_hal_pwr_ex.c 0x00000000   Number         0  stm32f0xx_hal_pwr_ex.o ABSOLUTE
    ..\Drivers\STM32F0xx_HAL_Driver\Src\stm32f0xx_hal_rcc.c 0x00000000   Number         0  stm32f0xx_hal_rcc.o ABSOLUTE
    ..\Drivers\STM32F0xx_HAL_Driver\Src\stm32f0xx_hal_rcc_ex.c 0x00000000   Number         0  stm32f0xx_hal_rcc_ex.o ABSOLUTE
    ..\Drivers\STM32F0xx_HAL_Driver\Src\stm32f0xx_hal_tim.c 0x00000000   Number         0  stm32f0xx_hal_tim.o ABSOLUTE
    ..\Drivers\STM32F0xx_HAL_Driver\Src\stm32f0xx_hal_tim_ex.c 0x00000000   Number         0  stm32f0xx_hal_tim_ex.o ABSOLUTE
    ..\Src\main.c                            0x00000000   Number         0  main.o ABSOLUTE
    ..\Src\stm32f0xx_hal_msp.c               0x00000000   Number         0  stm32f0xx_hal_msp.o ABSOLUTE
    ..\Src\stm32f0xx_it.c                    0x00000000   Number         0  stm32f0xx_it.o ABSOLUTE
    ..\Src\system_stm32f0xx.c                0x00000000   Number         0  system_stm32f0xx.o ABSOLUTE
    dc.s                                     0x00000000   Number         0  dc.o ABSOLUTE
    handlers.s                               0x00000000   Number         0  handlers.o ABSOLUTE
    init.s                                   0x00000000   Number         0  init.o ABSOLUTE
    startup_stm32f051x8.s                    0x00000000   Number         0  startup_stm32f051x8.o ABSOLUTE
    RESET                                    0x08000000   Section      188  startup_stm32f051x8.o(RESET)
    .ARM.Collect$$$$00000000                 0x080000bc   Section        0  entry.o(.ARM.Collect$$$$00000000)
    .ARM.Collect$$$$00000001                 0x080000bc   Section        4  entry2.o(.ARM.Collect$$$$00000001)
    .ARM.Collect$$$$00000004                 0x080000c0   Section        4  entry5.o(.ARM.Collect$$$$00000004)
    .ARM.Collect$$$$00000008                 0x080000c4   Section        0  entry7b.o(.ARM.Collect$$$$00000008)
    .ARM.Collect$$$$0000000A                 0x080000c4   Section        0  entry8b.o(.ARM.Collect$$$$0000000A)
    .ARM.Collect$$$$0000000B                 0x080000c4   Section        8  entry9a.o(.ARM.Collect$$$$0000000B)
    .ARM.Collect$$$$0000000D                 0x080000cc   Section        0  entry10a.o(.ARM.Collect$$$$0000000D)
    .ARM.Collect$$$$0000000F                 0x080000cc   Section        0  entry11a.o(.ARM.Collect$$$$0000000F)
    .ARM.Collect$$$$00002712                 0x080000cc   Section        4  entry2.o(.ARM.Collect$$$$00002712)
    __lit__00000000                          0x080000cc   Data           4  entry2.o(.ARM.Collect$$$$00002712)
    .text                                    0x080000d0   Section       28  startup_stm32f051x8.o(.text)
    .text                                    0x080000ec   Section        0  uidiv.o(.text)
    .text                                    0x08000118   Section        0  memseta.o(.text)
    .text                                    0x0800013c   Section       36  init.o(.text)
    i.ADC1_COMP_IRQHandler                   0x08000160   Section        0  stm32f0xx_it.o(i.ADC1_COMP_IRQHandler)
    i.ADC_Enable                             0x08000170   Section        0  stm32f0xx_hal_adc.o(i.ADC_Enable)
    ADC_Enable                               0x08000171   Thumb Code   198  stm32f0xx_hal_adc.o(i.ADC_Enable)
    i.EXTI0_1_IRQHandler                     0x08000244   Section        0  stm32f0xx_it.o(i.EXTI0_1_IRQHandler)
    i.Error_Handler                          0x08000254   Section        0  main.o(i.Error_Handler)
    i.HAL_ADC_ConfigChannel                  0x08000258   Section        0  stm32f0xx_hal_adc.o(i.HAL_ADC_ConfigChannel)
    i.HAL_ADC_ConvCpltCallback               0x08000404   Section        0  stm32f0xx_it.o(i.HAL_ADC_ConvCpltCallback)
    i.HAL_ADC_ErrorCallback                  0x08000418   Section        0  stm32f0xx_hal_adc.o(i.HAL_ADC_ErrorCallback)
    i.HAL_ADC_GetValue                       0x0800041a   Section        0  stm32f0xx_hal_adc.o(i.HAL_ADC_GetValue)
    i.HAL_ADC_IRQHandler                     0x08000422   Section        0  stm32f0xx_hal_adc.o(i.HAL_ADC_IRQHandler)
    i.HAL_ADC_Init                           0x08000538   Section        0  stm32f0xx_hal_adc.o(i.HAL_ADC_Init)
    i.HAL_ADC_LevelOutOfWindowCallback       0x080006f8   Section        0  stm32f0xx_hal_adc.o(i.HAL_ADC_LevelOutOfWindowCallback)
    i.HAL_ADC_MspInit                        0x080006fc   Section        0  stm32f0xx_hal_msp.o(i.HAL_ADC_MspInit)
    i.HAL_ADC_Start_IT                       0x08000780   Section        0  stm32f0xx_hal_adc.o(i.HAL_ADC_Start_IT)
    i.HAL_Delay                              0x08000828   Section        0  stm32f0xx_hal.o(i.HAL_Delay)
    i.HAL_GPIO_EXTI_Callback                 0x08000848   Section        0  stm32f0xx_it.o(i.HAL_GPIO_EXTI_Callback)
    i.HAL_GPIO_EXTI_IRQHandler               0x08000930   Section        0  stm32f0xx_hal_gpio.o(i.HAL_GPIO_EXTI_IRQHandler)
    i.HAL_GPIO_Init                          0x08000950   Section        0  stm32f0xx_hal_gpio.o(i.HAL_GPIO_Init)
    i.HAL_GPIO_ReadPin                       0x08000b40   Section        0  stm32f0xx_hal_gpio.o(i.HAL_GPIO_ReadPin)
    i.HAL_GPIO_WritePin                      0x08000b52   Section        0  stm32f0xx_hal_gpio.o(i.HAL_GPIO_WritePin)
    i.HAL_GetTick                            0x08000b60   Section        0  stm32f0xx_hal.o(i.HAL_GetTick)
    i.HAL_IncTick                            0x08000b6c   Section        0  stm32f0xx_hal.o(i.HAL_IncTick)
    i.HAL_Init                               0x08000b7c   Section        0  stm32f0xx_hal.o(i.HAL_Init)
    i.HAL_InitTick                           0x08000b9c   Section        0  stm32f0xx_hal.o(i.HAL_InitTick)
    i.HAL_MspInit                            0x08000bc4   Section        0  stm32f0xx_hal_msp.o(i.HAL_MspInit)
    i.HAL_NVIC_EnableIRQ                     0x08000c04   Section        0  stm32f0xx_hal_cortex.o(i.HAL_NVIC_EnableIRQ)
    i.HAL_NVIC_SetPriority                   0x08000c1c   Section        0  stm32f0xx_hal_cortex.o(i.HAL_NVIC_SetPriority)
    i.HAL_RCC_ClockConfig                    0x08000c30   Section        0  stm32f0xx_hal_rcc.o(i.HAL_RCC_ClockConfig)
    i.HAL_RCC_GetHCLKFreq                    0x08000dc4   Section        0  stm32f0xx_hal_rcc.o(i.HAL_RCC_GetHCLKFreq)
    i.HAL_RCC_GetSysClockFreq                0x08000dd0   Section        0  stm32f0xx_hal_rcc.o(i.HAL_RCC_GetSysClockFreq)
    i.HAL_RCC_OscConfig                      0x08000e94   Section        0  stm32f0xx_hal_rcc.o(i.HAL_RCC_OscConfig)
    i.HAL_SYSTICK_Config                     0x080013e0   Section        0  stm32f0xx_hal_cortex.o(i.HAL_SYSTICK_Config)
    i.HAL_TIMEx_HallSensor_Start_IT          0x08001418   Section        0  stm32f0xx_hal_tim_ex.o(i.HAL_TIMEx_HallSensor_Start_IT)
    i.HAL_TIMEx_MasterConfigSynchronization  0x08001442   Section        0  stm32f0xx_hal_tim_ex.o(i.HAL_TIMEx_MasterConfigSynchronization)
    i.HAL_TIM_Base_Init                      0x080014a4   Section        0  stm32f0xx_hal_tim.o(i.HAL_TIM_Base_Init)
    i.HAL_TIM_Base_MspInit                   0x080014dc   Section        0  stm32f0xx_hal_msp.o(i.HAL_TIM_Base_MspInit)
    i.HAL_TIM_ConfigClockSource              0x08001534   Section        0  stm32f0xx_hal_tim.o(i.HAL_TIM_ConfigClockSource)
    i.HardFault_Handler                      0x08001672   Section        0  stm32f0xx_it.o(i.HardFault_Handler)
    i.MX_ADC_Init                            0x08001678   Section        0  main.o(i.MX_ADC_Init)
    MX_ADC_Init                              0x08001679   Thumb Code   108  main.o(i.MX_ADC_Init)
    i.MX_GPIO_Init                           0x080016ec   Section        0  main.o(i.MX_GPIO_Init)
    MX_GPIO_Init                             0x080016ed   Thumb Code   270  main.o(i.MX_GPIO_Init)
    i.MX_TIM1_Init                           0x08001808   Section        0  main.o(i.MX_TIM1_Init)
    MX_TIM1_Init                             0x08001809   Thumb Code   110  main.o(i.MX_TIM1_Init)
    i.MX_TIM6_Init                           0x08001884   Section        0  main.o(i.MX_TIM6_Init)
    MX_TIM6_Init                             0x08001885   Thumb Code    68  main.o(i.MX_TIM6_Init)
    i.NMI_Handler                            0x080018d4   Section        0  stm32f0xx_it.o(i.NMI_Handler)
    i.NVIC_SetPriority                       0x080018d8   Section        0  stm32f0xx_hal_cortex.o(i.NVIC_SetPriority)
    NVIC_SetPriority                         0x080018d9   Thumb Code   110  stm32f0xx_hal_cortex.o(i.NVIC_SetPriority)
    i.PendSV_Handler                         0x08001950   Section        0  stm32f0xx_it.o(i.PendSV_Handler)
    i.SVC_Handler                            0x08001952   Section        0  stm32f0xx_it.o(i.SVC_Handler)
    i.SysTick_Handler                        0x08001954   Section        0  stm32f0xx_it.o(i.SysTick_Handler)
    i.SystemClock_Config                     0x0800195c   Section        0  main.o(i.SystemClock_Config)
    i.SystemInit                             0x080019b8   Section        0  system_stm32f0xx.o(i.SystemInit)
    i.TIM_Base_SetConfig                     0x08001a2c   Section        0  stm32f0xx_hal_tim.o(i.TIM_Base_SetConfig)
    i.TIM_CCxChannelCmd                      0x08001adc   Section        0  stm32f0xx_hal_tim.o(i.TIM_CCxChannelCmd)
    i.TIM_ETR_SetConfig                      0x08001af8   Section        0  stm32f0xx_hal_tim.o(i.TIM_ETR_SetConfig)
    i.TIM_ITRx_SetConfig                     0x08001b16   Section        0  stm32f0xx_hal_tim.o(i.TIM_ITRx_SetConfig)
    TIM_ITRx_SetConfig                       0x08001b17   Thumb Code    26  stm32f0xx_hal_tim.o(i.TIM_ITRx_SetConfig)
    i.TIM_TI1_ConfigInputStage               0x08001b30   Section        0  stm32f0xx_hal_tim.o(i.TIM_TI1_ConfigInputStage)
    TIM_TI1_ConfigInputStage                 0x08001b31   Thumb Code    54  stm32f0xx_hal_tim.o(i.TIM_TI1_ConfigInputStage)
    i.TIM_TI2_ConfigInputStage               0x08001b66   Section        0  stm32f0xx_hal_tim.o(i.TIM_TI2_ConfigInputStage)
    TIM_TI2_ConfigInputStage                 0x08001b67   Thumb Code    54  stm32f0xx_hal_tim.o(i.TIM_TI2_ConfigInputStage)
    i.__scatterload_copy                     0x08001b9c   Section       14  handlers.o(i.__scatterload_copy)
    i.__scatterload_null                     0x08001baa   Section        2  handlers.o(i.__scatterload_null)
    i.__scatterload_zeroinit                 0x08001bac   Section       14  handlers.o(i.__scatterload_zeroinit)
    i.main                                   0x08001bbc   Section        0  main.o(i.main)
    .constdata                               0x08001e1c   Section       24  system_stm32f0xx.o(.constdata)
    .data                                    0x20000000   Section        4  main.o(.data)
    .data                                    0x20000004   Section        5  stm32f0xx_it.o(.data)
    .data                                    0x2000000c   Section        4  stm32f0xx_hal.o(.data)
    .data                                    0x20000010   Section        4  system_stm32f0xx.o(.data)
    .bss                                     0x20000014   Section      204  main.o(.bss)
    STACK                                    0x200000e0   Section     1024  startup_stm32f051x8.o(STACK)

    Global Symbols

    Symbol Name                              Value     Ov Type        Size  Object(Section)

    BuildAttributes$$THM_ISAv3M$S$PE$A:L22$X:L11$S22$IEEE1$IW$USESV6$~STKCKD$USESV7$~SHL$OSPACE$EBA8$MICROLIB$REQ8$PRES8$EABIv2 0x00000000   Number         0  anon$$obj.o ABSOLUTE
    __ARM_use_no_argv                        0x00000000   Number         0  main.o ABSOLUTE
    __cpp_initialize__aeabi_                  - Undefined Weak Reference
    __cxa_finalize                            - Undefined Weak Reference
    __decompress                              - Undefined Weak Reference
    _clock_init                               - Undefined Weak Reference
    _microlib_exit                            - Undefined Weak Reference
    __Vectors_Size                           0x000000bc   Number         0  startup_stm32f051x8.o ABSOLUTE
    __Vectors                                0x08000000   Data           4  startup_stm32f051x8.o(RESET)
    __Vectors_End                            0x080000bc   Data           0  startup_stm32f051x8.o(RESET)
    __main                                   0x080000bd   Thumb Code     0  entry.o(.ARM.Collect$$$$00000000)
    _main_stk                                0x080000bd   Thumb Code     0  entry2.o(.ARM.Collect$$$$00000001)
    _main_scatterload                        0x080000c1   Thumb Code     0  entry5.o(.ARM.Collect$$$$00000004)
    __main_after_scatterload                 0x080000c5   Thumb Code     0  entry5.o(.ARM.Collect$$$$00000004)
    _main_clock                              0x080000c5   Thumb Code     0  entry7b.o(.ARM.Collect$$$$00000008)
    _main_cpp_init                           0x080000c5   Thumb Code     0  entry8b.o(.ARM.Collect$$$$0000000A)
    _main_init                               0x080000c5   Thumb Code     0  entry9a.o(.ARM.Collect$$$$0000000B)
    __rt_final_cpp                           0x080000cd   Thumb Code     0  entry10a.o(.ARM.Collect$$$$0000000D)
    __rt_final_exit                          0x080000cd   Thumb Code     0  entry11a.o(.ARM.Collect$$$$0000000F)
    Reset_Handler                            0x080000d1   Thumb Code     8  startup_stm32f051x8.o(.text)
    CEC_IRQHandler                           0x080000e3   Thumb Code     0  startup_stm32f051x8.o(.text)
    DMA1_Channel1_IRQHandler                 0x080000e3   Thumb Code     0  startup_stm32f051x8.o(.text)
    DMA1_Channel2_3_IRQHandler               0x080000e3   Thumb Code     0  startup_stm32f051x8.o(.text)
    DMA1_Channel4_5_IRQHandler               0x080000e3   Thumb Code     0  startup_stm32f051x8.o(.text)
    EXTI2_3_IRQHandler                       0x080000e3   Thumb Code     0  startup_stm32f051x8.o(.text)
    EXTI4_15_IRQHandler                      0x080000e3   Thumb Code     0  startup_stm32f051x8.o(.text)
    FLASH_IRQHandler                         0x080000e3   Thumb Code     0  startup_stm32f051x8.o(.text)
    I2C1_IRQHandler                          0x080000e3   Thumb Code     0  startup_stm32f051x8.o(.text)
    I2C2_IRQHandler                          0x080000e3   Thumb Code     0  startup_stm32f051x8.o(.text)
    PVD_IRQHandler                           0x080000e3   Thumb Code     0  startup_stm32f051x8.o(.text)
    RCC_IRQHandler                           0x080000e3   Thumb Code     0  startup_stm32f051x8.o(.text)
    RTC_IRQHandler                           0x080000e3   Thumb Code     0  startup_stm32f051x8.o(.text)
    SPI1_IRQHandler                          0x080000e3   Thumb Code     0  startup_stm32f051x8.o(.text)
    SPI2_IRQHandler                          0x080000e3   Thumb Code     0  startup_stm32f051x8.o(.text)
    TIM14_IRQHandler                         0x080000e3   Thumb Code     0  startup_stm32f051x8.o(.text)
    TIM15_IRQHandler                         0x080000e3   Thumb Code     0  startup_stm32f051x8.o(.text)
    TIM16_IRQHandler                         0x080000e3   Thumb Code     0  startup_stm32f051x8.o(.text)
    TIM17_IRQHandler                         0x080000e3   Thumb Code     0  startup_stm32f051x8.o(.text)
    TIM1_BRK_UP_TRG_COM_IRQHandler           0x080000e3   Thumb Code     0  startup_stm32f051x8.o(.text)
    TIM1_CC_IRQHandler                       0x080000e3   Thumb Code     0  startup_stm32f051x8.o(.text)
    TIM2_IRQHandler                          0x080000e3   Thumb Code     0  startup_stm32f051x8.o(.text)
    TIM3_IRQHandler                          0x080000e3   Thumb Code     0  startup_stm32f051x8.o(.text)
    TIM6_DAC_IRQHandler                      0x080000e3   Thumb Code     0  startup_stm32f051x8.o(.text)
    TSC_IRQHandler                           0x080000e3   Thumb Code     0  startup_stm32f051x8.o(.text)
    USART1_IRQHandler                        0x080000e3   Thumb Code     0  startup_stm32f051x8.o(.text)
    USART2_IRQHandler                        0x080000e3   Thumb Code     0  startup_stm32f051x8.o(.text)
    WWDG_IRQHandler                          0x080000e3   Thumb Code     0  startup_stm32f051x8.o(.text)
    __aeabi_uidiv                            0x080000ed   Thumb Code     0  uidiv.o(.text)
    __aeabi_uidivmod                         0x080000ed   Thumb Code    44  uidiv.o(.text)
    __aeabi_memset                           0x08000119   Thumb Code    14  memseta.o(.text)
    __aeabi_memset4                          0x08000119   Thumb Code     0  memseta.o(.text)
    __aeabi_memset8                          0x08000119   Thumb Code     0  memseta.o(.text)
    __aeabi_memclr                           0x08000127   Thumb Code     4  memseta.o(.text)
    __aeabi_memclr4                          0x08000127   Thumb Code     0  memseta.o(.text)
    __aeabi_memclr8                          0x08000127   Thumb Code     0  memseta.o(.text)
    _memset$wrapper                          0x0800012b   Thumb Code    18  memseta.o(.text)
    __scatterload                            0x0800013d   Thumb Code    28  init.o(.text)
    __scatterload_rt2                        0x0800013d   Thumb Code     0  init.o(.text)
    ADC1_COMP_IRQHandler                     0x08000161   Thumb Code    10  stm32f0xx_it.o(i.ADC1_COMP_IRQHandler)
    EXTI0_1_IRQHandler                       0x08000245   Thumb Code    16  stm32f0xx_it.o(i.EXTI0_1_IRQHandler)
    Error_Handler                            0x08000255   Thumb Code     2  main.o(i.Error_Handler)
    HAL_ADC_ConfigChannel                    0x08000259   Thumb Code   412  stm32f0xx_hal_adc.o(i.HAL_ADC_ConfigChannel)
    HAL_ADC_ConvCpltCallback                 0x08000405   Thumb Code    16  stm32f0xx_it.o(i.HAL_ADC_ConvCpltCallback)
    HAL_ADC_ErrorCallback                    0x08000419   Thumb Code     2  stm32f0xx_hal_adc.o(i.HAL_ADC_ErrorCallback)
    HAL_ADC_GetValue                         0x0800041b   Thumb Code     8  stm32f0xx_hal_adc.o(i.HAL_ADC_GetValue)
    HAL_ADC_IRQHandler                       0x08000423   Thumb Code   278  stm32f0xx_hal_adc.o(i.HAL_ADC_IRQHandler)
    HAL_ADC_Init                             0x08000539   Thumb Code   440  stm32f0xx_hal_adc.o(i.HAL_ADC_Init)
    HAL_ADC_LevelOutOfWindowCallback         0x080006f9   Thumb Code     2  stm32f0xx_hal_adc.o(i.HAL_ADC_LevelOutOfWindowCallback)
    HAL_ADC_MspInit                          0x080006fd   Thumb Code   122  stm32f0xx_hal_msp.o(i.HAL_ADC_MspInit)
    HAL_ADC_Start_IT                         0x08000781   Thumb Code   162  stm32f0xx_hal_adc.o(i.HAL_ADC_Start_IT)
    HAL_Delay                                0x08000829   Thumb Code    32  stm32f0xx_hal.o(i.HAL_Delay)
    HAL_GPIO_EXTI_Callback                   0x08000849   Thumb Code   210  stm32f0xx_it.o(i.HAL_GPIO_EXTI_Callback)
    HAL_GPIO_EXTI_IRQHandler                 0x08000931   Thumb Code    26  stm32f0xx_hal_gpio.o(i.HAL_GPIO_EXTI_IRQHandler)
    HAL_GPIO_Init                            0x08000951   Thumb Code   470  stm32f0xx_hal_gpio.o(i.HAL_GPIO_Init)
    HAL_GPIO_ReadPin                         0x08000b41   Thumb Code    18  stm32f0xx_hal_gpio.o(i.HAL_GPIO_ReadPin)
    HAL_GPIO_WritePin                        0x08000b53   Thumb Code    12  stm32f0xx_hal_gpio.o(i.HAL_GPIO_WritePin)
    HAL_GetTick                              0x08000b61   Thumb Code     6  stm32f0xx_hal.o(i.HAL_GetTick)
    HAL_IncTick                              0x08000b6d   Thumb Code    12  stm32f0xx_hal.o(i.HAL_IncTick)
    HAL_Init                                 0x08000b7d   Thumb Code    28  stm32f0xx_hal.o(i.HAL_Init)
    HAL_InitTick                             0x08000b9d   Thumb Code    38  stm32f0xx_hal.o(i.HAL_InitTick)
    HAL_MspInit                              0x08000bc5   Thumb Code    60  stm32f0xx_hal_msp.o(i.HAL_MspInit)
    HAL_NVIC_EnableIRQ                       0x08000c05   Thumb Code    18  stm32f0xx_hal_cortex.o(i.HAL_NVIC_EnableIRQ)
    HAL_NVIC_SetPriority                     0x08000c1d   Thumb Code    18  stm32f0xx_hal_cortex.o(i.HAL_NVIC_SetPriority)
    HAL_RCC_ClockConfig                      0x08000c31   Thumb Code   382  stm32f0xx_hal_rcc.o(i.HAL_RCC_ClockConfig)
    HAL_RCC_GetHCLKFreq                      0x08000dc5   Thumb Code     6  stm32f0xx_hal_rcc.o(i.HAL_RCC_GetHCLKFreq)
    HAL_RCC_GetSysClockFreq                  0x08000dd1   Thumb Code   150  stm32f0xx_hal_rcc.o(i.HAL_RCC_GetSysClockFreq)
    HAL_RCC_OscConfig                        0x08000e95   Thumb Code  1352  stm32f0xx_hal_rcc.o(i.HAL_RCC_OscConfig)
    HAL_SYSTICK_Config                       0x080013e1   Thumb Code    46  stm32f0xx_hal_cortex.o(i.HAL_SYSTICK_Config)
    HAL_TIMEx_HallSensor_Start_IT            0x08001419   Thumb Code    42  stm32f0xx_hal_tim_ex.o(i.HAL_TIMEx_HallSensor_Start_IT)
    HAL_TIMEx_MasterConfigSynchronization    0x08001443   Thumb Code    98  stm32f0xx_hal_tim_ex.o(i.HAL_TIMEx_MasterConfigSynchronization)
    HAL_TIM_Base_Init                        0x080014a5   Thumb Code    56  stm32f0xx_hal_tim.o(i.HAL_TIM_Base_Init)
    HAL_TIM_Base_MspInit                     0x080014dd   Thumb Code    76  stm32f0xx_hal_msp.o(i.HAL_TIM_Base_MspInit)
    HAL_TIM_ConfigClockSource                0x08001535   Thumb Code   318  stm32f0xx_hal_tim.o(i.HAL_TIM_ConfigClockSource)
    HardFault_Handler                        0x08001673   Thumb Code     4  stm32f0xx_it.o(i.HardFault_Handler)
    NMI_Handler                              0x080018d5   Thumb Code     2  stm32f0xx_it.o(i.NMI_Handler)
    PendSV_Handler                           0x08001951   Thumb Code     2  stm32f0xx_it.o(i.PendSV_Handler)
    SVC_Handler                              0x08001953   Thumb Code     2  stm32f0xx_it.o(i.SVC_Handler)
    SysTick_Handler                          0x08001955   Thumb Code     8  stm32f0xx_it.o(i.SysTick_Handler)
    SystemClock_Config                       0x0800195d   Thumb Code    92  main.o(i.SystemClock_Config)
    SystemInit                               0x080019b9   Thumb Code   104  system_stm32f0xx.o(i.SystemInit)
    TIM_Base_SetConfig                       0x08001a2d   Thumb Code   152  stm32f0xx_hal_tim.o(i.TIM_Base_SetConfig)
    TIM_CCxChannelCmd                        0x08001add   Thumb Code    28  stm32f0xx_hal_tim.o(i.TIM_CCxChannelCmd)
    TIM_ETR_SetConfig                        0x08001af9   Thumb Code    30  stm32f0xx_hal_tim.o(i.TIM_ETR_SetConfig)
    __scatterload_copy                       0x08001b9d   Thumb Code    14  handlers.o(i.__scatterload_copy)
    __scatterload_null                       0x08001bab   Thumb Code     2  handlers.o(i.__scatterload_null)
    __scatterload_zeroinit                   0x08001bad   Thumb Code    14  handlers.o(i.__scatterload_zeroinit)
    main                                     0x08001bbd   Thumb Code   580  main.o(i.main)
    AHBPrescTable                            0x08001e1c   Data          16  system_stm32f0xx.o(.constdata)
    APBPrescTable                            0x08001e2c   Data           8  system_stm32f0xx.o(.constdata)
    Region$$Table$$Base                      0x08001e34   Number         0  anon$$obj.o(Region$$Table)
    Region$$Table$$Limit                     0x08001e54   Number         0  anon$$obj.o(Region$$Table)
    adc_value                                0x20000000   Data           1  main.o(.data)
    adc_sw                                   0x20000001   Data           1  main.o(.data)
    sw_value                                 0x20000002   Data           1  main.o(.data)
    sw_sw                                    0x20000003   Data           1  main.o(.data)
    swA                                      0x20000004   Data           2  stm32f0xx_it.o(.data)
    swB                                      0x20000006   Data           2  stm32f0xx_it.o(.data)
    sw_count                                 0x20000008   Data           1  stm32f0xx_it.o(.data)
    uwTick                                   0x2000000c   Data           4  stm32f0xx_hal.o(.data)
    SystemCoreClock                          0x20000010   Data           4  system_stm32f0xx.o(.data)
    hadc                                     0x20000014   Data          76  main.o(.bss)
    htim1                                    0x20000060   Data          64  main.o(.bss)
    htim6                                    0x200000a0   Data          64  main.o(.bss)
    __initial_sp                             0x200004e0   Data           0  startup_stm32f051x8.o(STACK)



==============================================================================

Memory Map of the image

  Image Entry point : 0x080000bd

  Load Region LR_IROM1 (Base: 0x08000000, Size: 0x00001e68, Max: 0x00008000, ABSOLUTE)

    Execution Region ER_IROM1 (Exec base: 0x08000000, Load base: 0x08000000, Size: 0x00001e54, Max: 0x00008000, ABSOLUTE)

    Exec Addr    Load Addr    Size         Type   Attr      Idx    E Section Name        Object

    0x08000000   0x08000000   0x000000bc   Data   RO            3    RESET               startup_stm32f051x8.o
    0x080000bc   0x080000bc   0x00000000   Code   RO         2718  * .ARM.Collect$$$$00000000  mc_p.l(entry.o)
    0x080000bc   0x080000bc   0x00000004   Code   RO         2727    .ARM.Collect$$$$00000001  mc_p.l(entry2.o)
    0x080000c0   0x080000c0   0x00000004   Code   RO         2730    .ARM.Collect$$$$00000004  mc_p.l(entry5.o)
    0x080000c4   0x080000c4   0x00000000   Code   RO         2732    .ARM.Collect$$$$00000008  mc_p.l(entry7b.o)
    0x080000c4   0x080000c4   0x00000000   Code   RO         2734    .ARM.Collect$$$$0000000A  mc_p.l(entry8b.o)
    0x080000c4   0x080000c4   0x00000008   Code   RO         2735    .ARM.Collect$$$$0000000B  mc_p.l(entry9a.o)
    0x080000cc   0x080000cc   0x00000000   Code   RO         2737    .ARM.Collect$$$$0000000D  mc_p.l(entry10a.o)
    0x080000cc   0x080000cc   0x00000000   Code   RO         2739    .ARM.Collect$$$$0000000F  mc_p.l(entry11a.o)
    0x080000cc   0x080000cc   0x00000004   Code   RO         2728    .ARM.Collect$$$$00002712  mc_p.l(entry2.o)
    0x080000d0   0x080000d0   0x0000001c   Code   RO            4    .text               startup_stm32f051x8.o
    0x080000ec   0x080000ec   0x0000002c   Code   RO         2721    .text               mc_p.l(uidiv.o)
    0x08000118   0x08000118   0x00000024   Code   RO         2725    .text               mc_p.l(memseta.o)
    0x0800013c   0x0800013c   0x00000024   Code   RO         2741    .text               mc_p.l(init.o)
    0x08000160   0x08000160   0x00000010   Code   RO          161    i.ADC1_COMP_IRQHandler  stm32f0xx_it.o
    0x08000170   0x08000170   0x000000d4   Code   RO          285    i.ADC_Enable        stm32f0xx_hal_adc.o
    0x08000244   0x08000244   0x00000010   Code   RO          162    i.EXTI0_1_IRQHandler  stm32f0xx_it.o
    0x08000254   0x08000254   0x00000002   Code   RO           12    i.Error_Handler     main.o
    0x08000256   0x08000256   0x00000002   PAD
    0x08000258   0x08000258   0x000001ac   Code   RO          287    i.HAL_ADC_ConfigChannel  stm32f0xx_hal_adc.o
    0x08000404   0x08000404   0x00000014   Code   RO          163    i.HAL_ADC_ConvCpltCallback  stm32f0xx_it.o
    0x08000418   0x08000418   0x00000002   Code   RO          291    i.HAL_ADC_ErrorCallback  stm32f0xx_hal_adc.o
    0x0800041a   0x0800041a   0x00000008   Code   RO          294    i.HAL_ADC_GetValue  stm32f0xx_hal_adc.o
    0x08000422   0x08000422   0x00000116   Code   RO          295    i.HAL_ADC_IRQHandler  stm32f0xx_hal_adc.o
    0x08000538   0x08000538   0x000001c0   Code   RO          296    i.HAL_ADC_Init      stm32f0xx_hal_adc.o
    0x080006f8   0x080006f8   0x00000002   Code   RO          297    i.HAL_ADC_LevelOutOfWindowCallback  stm32f0xx_hal_adc.o
    0x080006fa   0x080006fa   0x00000002   PAD
    0x080006fc   0x080006fc   0x00000084   Code   RO          237    i.HAL_ADC_MspInit   stm32f0xx_hal_msp.o
    0x08000780   0x08000780   0x000000a8   Code   RO          304    i.HAL_ADC_Start_IT  stm32f0xx_hal_adc.o
    0x08000828   0x08000828   0x00000020   Code   RO         1498    i.HAL_Delay         stm32f0xx_hal.o
    0x08000848   0x08000848   0x000000e8   Code   RO          164    i.HAL_GPIO_EXTI_Callback  stm32f0xx_it.o
    0x08000930   0x08000930   0x00000020   Code   RO         2106    i.HAL_GPIO_EXTI_IRQHandler  stm32f0xx_hal_gpio.o
    0x08000950   0x08000950   0x000001f0   Code   RO         2107    i.HAL_GPIO_Init     stm32f0xx_hal_gpio.o
    0x08000b40   0x08000b40   0x00000012   Code   RO         2109    i.HAL_GPIO_ReadPin  stm32f0xx_hal_gpio.o
    0x08000b52   0x08000b52   0x0000000c   Code   RO         2111    i.HAL_GPIO_WritePin  stm32f0xx_hal_gpio.o
    0x08000b5e   0x08000b5e   0x00000002   PAD
    0x08000b60   0x08000b60   0x0000000c   Code   RO         1502    i.HAL_GetTick       stm32f0xx_hal.o
    0x08000b6c   0x08000b6c   0x00000010   Code   RO         1506    i.HAL_IncTick       stm32f0xx_hal.o
    0x08000b7c   0x08000b7c   0x00000020   Code   RO         1507    i.HAL_Init          stm32f0xx_hal.o
    0x08000b9c   0x08000b9c   0x00000026   Code   RO         1508    i.HAL_InitTick      stm32f0xx_hal.o
    0x08000bc2   0x08000bc2   0x00000002   PAD
    0x08000bc4   0x08000bc4   0x00000040   Code   RO          238    i.HAL_MspInit       stm32f0xx_hal_msp.o
    0x08000c04   0x08000c04   0x00000018   Code   RO         2264    i.HAL_NVIC_EnableIRQ  stm32f0xx_hal_cortex.o
    0x08000c1c   0x08000c1c   0x00000012   Code   RO         2268    i.HAL_NVIC_SetPriority  stm32f0xx_hal_cortex.o
    0x08000c2e   0x08000c2e   0x00000002   PAD
    0x08000c30   0x08000c30   0x00000194   Code   RO         1370    i.HAL_RCC_ClockConfig  stm32f0xx_hal_rcc.o
    0x08000dc4   0x08000dc4   0x0000000c   Code   RO         1375    i.HAL_RCC_GetHCLKFreq  stm32f0xx_hal_rcc.o
    0x08000dd0   0x08000dd0   0x000000c4   Code   RO         1378    i.HAL_RCC_GetSysClockFreq  stm32f0xx_hal_rcc.o
    0x08000e94   0x08000e94   0x0000054c   Code   RO         1381    i.HAL_RCC_OscConfig  stm32f0xx_hal_rcc.o
    0x080013e0   0x080013e0   0x00000038   Code   RO         2272    i.HAL_SYSTICK_Config  stm32f0xx_hal_cortex.o
    0x08001418   0x08001418   0x0000002a   Code   RO         1141    i.HAL_TIMEx_HallSensor_Start_IT  stm32f0xx_hal_tim_ex.o
    0x08001442   0x08001442   0x00000062   Code   RO         1145    i.HAL_TIMEx_MasterConfigSynchronization  stm32f0xx_hal_tim_ex.o
    0x080014a4   0x080014a4   0x00000038   Code   RO          478    i.HAL_TIM_Base_Init  stm32f0xx_hal_tim.o
    0x080014dc   0x080014dc   0x00000058   Code   RO          240    i.HAL_TIM_Base_MspInit  stm32f0xx_hal_msp.o
    0x08001534   0x08001534   0x0000013e   Code   RO          487    i.HAL_TIM_ConfigClockSource  stm32f0xx_hal_tim.o
    0x08001672   0x08001672   0x00000004   Code   RO          165    i.HardFault_Handler  stm32f0xx_it.o
    0x08001676   0x08001676   0x00000002   PAD
    0x08001678   0x08001678   0x00000074   Code   RO           13    i.MX_ADC_Init       main.o
    0x080016ec   0x080016ec   0x0000011c   Code   RO           14    i.MX_GPIO_Init      main.o
    0x08001808   0x08001808   0x0000007c   Code   RO           15    i.MX_TIM1_Init      main.o
    0x08001884   0x08001884   0x00000050   Code   RO           16    i.MX_TIM6_Init      main.o
    0x080018d4   0x080018d4   0x00000002   Code   RO          166    i.NMI_Handler       stm32f0xx_it.o
    0x080018d6   0x080018d6   0x00000002   PAD
    0x080018d8   0x080018d8   0x00000078   Code   RO         2274    i.NVIC_SetPriority  stm32f0xx_hal_cortex.o
    0x08001950   0x08001950   0x00000002   Code   RO          167    i.PendSV_Handler    stm32f0xx_it.o
    0x08001952   0x08001952   0x00000002   Code   RO          168    i.SVC_Handler       stm32f0xx_it.o
    0x08001954   0x08001954   0x00000008   Code   RO          169    i.SysTick_Handler   stm32f0xx_it.o
    0x0800195c   0x0800195c   0x0000005c   Code   RO           17    i.SystemClock_Config  main.o
    0x080019b8   0x080019b8   0x00000074   Code   RO         2688    i.SystemInit        system_stm32f0xx.o
    0x08001a2c   0x08001a2c   0x000000b0   Code   RO          564    i.TIM_Base_SetConfig  stm32f0xx_hal_tim.o
    0x08001adc   0x08001adc   0x0000001c   Code   RO          565    i.TIM_CCxChannelCmd  stm32f0xx_hal_tim.o
    0x08001af8   0x08001af8   0x0000001e   Code   RO          571    i.TIM_ETR_SetConfig  stm32f0xx_hal_tim.o
    0x08001b16   0x08001b16   0x0000001a   Code   RO          572    i.TIM_ITRx_SetConfig  stm32f0xx_hal_tim.o
    0x08001b30   0x08001b30   0x00000036   Code   RO          578    i.TIM_TI1_ConfigInputStage  stm32f0xx_hal_tim.o
    0x08001b66   0x08001b66   0x00000036   Code   RO          580    i.TIM_TI2_ConfigInputStage  stm32f0xx_hal_tim.o
    0x08001b9c   0x08001b9c   0x0000000e   Code   RO         2745    i.__scatterload_copy  mc_p.l(handlers.o)
    0x08001baa   0x08001baa   0x00000002   Code   RO         2746    i.__scatterload_null  mc_p.l(handlers.o)
    0x08001bac   0x08001bac   0x0000000e   Code   RO         2747    i.__scatterload_zeroinit  mc_p.l(handlers.o)
    0x08001bba   0x08001bba   0x00000002   PAD
    0x08001bbc   0x08001bbc   0x00000260   Code   RO           18    i.main              main.o
    0x08001e1c   0x08001e1c   0x00000018   Data   RO         2689    .constdata          system_stm32f0xx.o
    0x08001e34   0x08001e34   0x00000020   Data   RO         2743    Region$$Table       anon$$obj.o


    Execution Region RW_IRAM1 (Exec base: 0x20000000, Load base: 0x08001e54, Size: 0x000004e0, Max: 0x00002000, ABSOLUTE)

    Exec Addr    Load Addr    Size         Type   Attr      Idx    E Section Name        Object

    0x20000000   0x08001e54   0x00000004   Data   RW           20    .data               main.o
    0x20000004   0x08001e58   0x00000005   Data   RW          170    .data               stm32f0xx_it.o
    0x20000009   0x08001e5d   0x00000003   PAD
    0x2000000c   0x08001e60   0x00000004   Data   RW         1513    .data               stm32f0xx_hal.o
    0x20000010   0x08001e64   0x00000004   Data   RW         2690    .data               system_stm32f0xx.o
    0x20000014        -       0x000000cc   Zero   RW           19    .bss                main.o
    0x200000e0        -       0x00000400   Zero   RW            1    STACK               startup_stm32f051x8.o


==============================================================================

Image component sizes


      Code (inc. data)   RO Data    RW Data    ZI Data      Debug   Object Name

      1306         76          0          4        204     303015   main.o
        28          8        188          0       1024        616   startup_stm32f051x8.o
       130         14          0          4          0       3539   stm32f0xx_hal.o
      1546         44          0          0          0       6241   stm32f0xx_hal_adc.o
       218         26          0          0          0       8897   stm32f0xx_hal_cortex.o
       558         32          0          0          0       3370   stm32f0xx_hal_gpio.o
       284         26          0          0          0       2023   stm32f0xx_hal_msp.o
      1968         90          0          0          0       4310   stm32f0xx_hal_rcc.o
       742         24          0          0          0       6013   stm32f0xx_hal_tim.o
       140          0          0          0          0       1740   stm32f0xx_hal_tim_ex.o
       302         32          0          5          0       4724   stm32f0xx_it.o
       116         12         24          4          0       1099   system_stm32f0xx.o

    ----------------------------------------------------------------------
      7352        384        244         20       1228     345587   Object Totals
         0          0         32          0          0          0   (incl. Generated)
        14          0          0          3          0          0   (incl. Padding)

    ----------------------------------------------------------------------

      Code (inc. data)   RO Data    RW Data    ZI Data      Debug   Library Member Name

         0          0          0          0          0          0   entry.o
         0          0          0          0          0          0   entry10a.o
         0          0          0          0          0          0   entry11a.o
         8          4          0          0          0          0   entry2.o
         4          0          0          0          0          0   entry5.o
         0          0          0          0          0          0   entry7b.o
         0          0          0          0          0          0   entry8b.o
         8          4          0          0          0          0   entry9a.o
        30          0          0          0          0          0   handlers.o
        36          8          0          0          0         68   init.o
        36          0          0          0          0        100   memseta.o
        44          0          0          0          0         72   uidiv.o

    ----------------------------------------------------------------------
       168         16          0          0          0        240   Library Totals
         2          0          0          0          0          0   (incl. Padding)

    ----------------------------------------------------------------------

      Code (inc. data)   RO Data    RW Data    ZI Data      Debug   Library Name

       166         16          0          0          0        240   mc_p.l

    ----------------------------------------------------------------------
       168         16          0          0          0        240   Library Totals

    ----------------------------------------------------------------------

==============================================================================


      Code (inc. data)   RO Data    RW Data    ZI Data      Debug   

      7520        400        244         20       1228     343779   Grand Totals
      7520        400        244         20       1228     343779   ELF Image Totals
      7520        400        244         20          0          0   ROM Totals

==============================================================================

    Total RO  Size (Code + RO Data)                 7764 (   7.58kB)
    Total RW  Size (RW Data + ZI Data)              1248 (   1.22kB)
    Total ROM Size (Code + RO Data + RW Data)       7784 (   7.60kB)

==============================================================================

